Component: ARM Compiler 5.06 update 6 (build 750) Tool: armlink [4d35ed]

==============================================================================

Section Cross References

    startup_stm32f412rx.o(STACK) refers (Special) to heapauxi.o(.text) for __use_two_region_memory
    startup_stm32f412rx.o(HEAP) refers (Special) to heapauxi.o(.text) for __use_two_region_memory
    startup_stm32f412rx.o(RESET) refers (Special) to heapauxi.o(.text) for __use_two_region_memory
    startup_stm32f412rx.o(RESET) refers to startup_stm32f412rx.o(STACK) for __initial_sp
    startup_stm32f412rx.o(RESET) refers to startup_stm32f412rx.o(.text) for Reset_Handler
    startup_stm32f412rx.o(RESET) refers to stm32f4xx_it.o(i.NMI_Handler) for NMI_Handler
    startup_stm32f412rx.o(RESET) refers to stm32f4xx_it.o(i.HardFault_Handler) for HardFault_Handler
    startup_stm32f412rx.o(RESET) refers to stm32f4xx_it.o(i.MemManage_Handler) for MemManage_Handler
    startup_stm32f412rx.o(RESET) refers to stm32f4xx_it.o(i.BusFault_Handler) for BusFault_Handler
    startup_stm32f412rx.o(RESET) refers to stm32f4xx_it.o(i.UsageFault_Handler) for UsageFault_Handler
    startup_stm32f412rx.o(RESET) refers to stm32f4xx_it.o(i.SVC_Handler) for SVC_Handler
    startup_stm32f412rx.o(RESET) refers to stm32f4xx_it.o(i.DebugMon_Handler) for DebugMon_Handler
    startup_stm32f412rx.o(RESET) refers to stm32f4xx_it.o(i.PendSV_Handler) for PendSV_Handler
    startup_stm32f412rx.o(RESET) refers to stm32f4xx_it.o(i.SysTick_Handler) for SysTick_Handler
    startup_stm32f412rx.o(RESET) refers to stm32f4xx_it.o(i.TIM1_UP_TIM10_IRQHandler) for TIM1_UP_TIM10_IRQHandler
    startup_stm32f412rx.o(RESET) refers to stm32f4xx_it.o(i.TIM4_IRQHandler) for TIM4_IRQHandler
    startup_stm32f412rx.o(RESET) refers to stm32f4xx_it.o(i.USART1_IRQHandler) for USART1_IRQHandler
    startup_stm32f412rx.o(.text) refers (Special) to heapauxi.o(.text) for __use_two_region_memory
    startup_stm32f412rx.o(.text) refers to system_stm32f4xx.o(i.SystemInit) for SystemInit
    startup_stm32f412rx.o(.text) refers to __main.o(!!!main) for __main
    startup_stm32f412rx.o(.text) refers to startup_stm32f412rx.o(HEAP) for Heap_Mem
    startup_stm32f412rx.o(.text) refers to startup_stm32f412rx.o(STACK) for Stack_Mem
    gcode.o(i.readGcodeLine) refers to atof.o(i.__hardfp_atof) for __hardfp_atof
    gcode.o(i.readGcodeLine) refers to d2f.o(x$fpl$d2f) for __aeabi_d2f
    hotend_control.o(i.ADC_Channel_config) refers to stm32f4xx_hal_adc.o(i.HAL_ADC_ConfigChannel) for HAL_ADC_ConfigChannel
    hotend_control.o(i.ADC_Channel_config) refers to main.o(.bss) for hadc1
    hotend_control.o(i.Hedbed_Temperatrure_PIDControl) refers to f2d.o(x$fpl$f2d) for __aeabi_f2d
    hotend_control.o(i.Hedbed_Temperatrure_PIDControl) refers to ddiv.o(x$fpl$ddiv) for __aeabi_ddiv
    hotend_control.o(i.Hedbed_Temperatrure_PIDControl) refers to d2f.o(x$fpl$d2f) for __aeabi_d2f
    hotend_control.o(i.Hedbed_Temperatrure_PIDControl) refers to dmul.o(x$fpl$dmul) for __aeabi_dmul
    hotend_control.o(i.Hedbed_Temperatrure_PIDControl) refers to daddsub_clz.o(x$fpl$dadd) for __aeabi_dadd
    hotend_control.o(i.Hedbed_Temperatrure_PIDControl) refers to hotend_control.o(.data) for .data
    hotend_control.o(i.Hotend_Temperatrure_PIDCaculating) refers to f2d.o(x$fpl$f2d) for __aeabi_f2d
    hotend_control.o(i.Hotend_Temperatrure_PIDCaculating) refers to ddiv.o(x$fpl$ddiv) for __aeabi_ddiv
    hotend_control.o(i.Hotend_Temperatrure_PIDCaculating) refers to d2f.o(x$fpl$d2f) for __aeabi_d2f
    hotend_control.o(i.Hotend_Temperatrure_PIDCaculating) refers to dmul.o(x$fpl$dmul) for __aeabi_dmul
    hotend_control.o(i.Hotend_Temperatrure_PIDCaculating) refers to daddsub_clz.o(x$fpl$dadd) for __aeabi_dadd
    hotend_control.o(i.Hotend_Temperatrure_PIDCaculating) refers to hotend_control.o(.data) for .data
    hotend_control.o(i.readTempValue) refers to hotend_control.o(i.ADC_Channel_config) for ADC_Channel_config
    hotend_control.o(i.readTempValue) refers to stm32f4xx_hal_adc.o(i.HAL_ADC_Start) for HAL_ADC_Start
    hotend_control.o(i.readTempValue) refers to stm32f4xx_hal_adc.o(i.HAL_ADC_PollForConversion) for HAL_ADC_PollForConversion
    hotend_control.o(i.readTempValue) refers to stm32f4xx_hal_adc.o(i.HAL_ADC_GetValue) for HAL_ADC_GetValue
    hotend_control.o(i.readTempValue) refers to f2d.o(x$fpl$f2d) for __aeabi_f2d
    hotend_control.o(i.readTempValue) refers to log.o(i.__hardfp_log) for __hardfp_log
    hotend_control.o(i.readTempValue) refers to daddsub_clz.o(x$fpl$dadd) for __aeabi_dadd
    hotend_control.o(i.readTempValue) refers to ddiv.o(x$fpl$ddiv) for __aeabi_ddiv
    hotend_control.o(i.readTempValue) refers to daddsub_clz.o(x$fpl$dsub) for __aeabi_dsub
    hotend_control.o(i.readTempValue) refers to d2f.o(x$fpl$d2f) for __aeabi_d2f
    hotend_control.o(i.readTempValue) refers to hotend_control.o(i.LowPassFilter_Apply) for LowPassFilter_Apply
[...]
    _printf_sizespec                         0x00000000   Number         0  printf_stubs.o ABSOLUTE
    _printf_widthprec                        0x00000000   Number         0  printf_stubs.o ABSOLUTE
    __ARM_exceptions_init                     - Undefined Weak Reference
    __alloca_initialize                       - Undefined Weak Reference
    __arm_preinit_                            - Undefined Weak Reference
    __cpp_initialize__aeabi_                  - Undefined Weak Reference
    __cxa_finalize                            - Undefined Weak Reference
    __sigvec_lookup                           - Undefined Weak Reference
    _atexit_init                              - Undefined Weak Reference
    _call_atexit_fns                          - Undefined Weak Reference
    _clock_init                               - Undefined Weak Reference
    _fp_trap_init                             - Undefined Weak Reference
    _fp_trap_shutdown                         - Undefined Weak Reference
    _get_lc_collate                           - Undefined Weak Reference
    _get_lc_monetary                          - Undefined Weak Reference
    _get_lc_time                              - Undefined Weak Reference
    _getenv_init                              - Undefined Weak Reference
    _handle_redirection                       - Undefined Weak Reference
    _init_alloc                               - Undefined Weak Reference
    _init_user_alloc                          - Undefined Weak Reference
    _initio                                   - Undefined Weak Reference
    _printf_post_padding                      - Undefined Weak Reference
    _printf_pre_padding                       - Undefined Weak Reference
    _rand_init                                - Undefined Weak Reference
    _signal_finish                            - Undefined Weak Reference
    _signal_init                              - Undefined Weak Reference
    _terminate_alloc                          - Undefined Weak Reference
    _terminate_user_alloc                     - Undefined Weak Reference
    _terminateio                              - Undefined Weak Reference
    __Vectors_Size                           0x000001c4   Number         0  startup_stm32f412rx.o ABSOLUTE
    __Vectors                                0x08000000   Data           4  startup_stm32f412rx.o(RESET)
    __Vectors_End                            0x080001c4   Data           0  startup_stm32f412rx.o(RESET)
    __main                                   0x080001c5   Thumb Code     8  __main.o(!!!main)
    __scatterload                            0x080001cd   Thumb Code     0  __scatter.o(!!!scatter)
    __scatterload_rt2                        0x080001cd   Thumb Code    44  __scatter.o(!!!scatter)
    __scatterload_rt2_thumb_only             0x080001cd   Thumb Code     0  __scatter.o(!!!scatter)
    __scatterload_null                       0x080001db   Thumb Code     0  __scatter.o(!!!scatter)
    __scatterload_copy                       0x08000201   Thumb Code    26  __scatter_copy.o(!!handler_copy)
    __scatterload_zeroinit                   0x0800021d   Thumb Code    28  __scatter_zi.o(!!handler_zi)
    _printf_f                                0x08000239   Thumb Code     0  _printf_f.o(.ARM.Collect$$_printf_percent$$00000003)
    _printf_percent                          0x08000239   Thumb Code     0  _printf_percent.o(.ARM.Collect$$_printf_percent$$00000000)
    _printf_percent_end                      0x0800023f   Thumb Code     0  _printf_percent_end.o(.ARM.Collect$$_printf_percent$$00000017)
    __rt_lib_init                            0x08000243   Thumb Code     0  libinit.o(.ARM.Collect$$libinit$$00000000)
    __rt_lib_init_fp_1                       0x08000245   Thumb Code     0  libinit2.o(.ARM.Collect$$libinit$$00000001)
    __rt_lib_init_heap_1                     0x08000249   Thumb Code     0  libinit2.o(.ARM.Collect$$libinit$$0000000A)
    __rt_lib_init_lc_common                  0x08000249   Thumb Code     0  libinit2.o(.ARM.Collect$$libinit$$0000000F)
    __rt_lib_init_preinit_1                  0x08000249   Thumb Code     0  libinit2.o(.ARM.Collect$$libinit$$00000004)
    __rt_lib_init_rand_1                     0x08000249   Thumb Code     0  libinit2.o(.ARM.Collect$$libinit$$0000000E)
    __rt_lib_init_user_alloc_1               0x08000249   Thumb Code     0  libinit2.o(.ARM.Collect$$libinit$$0000000C)
    __rt_lib_init_lc_collate_1               0x0800024f   Thumb Code     0  libinit2.o(.ARM.Collect$$libinit$$00000011)
    __rt_lib_init_lc_ctype_2                 0x0800024f   Thumb Code     0  libinit2.o(.ARM.Collect$$libinit$$00000012)
    __rt_lib_init_lc_ctype_1                 0x0800025b   Thumb Code     0  libinit2.o(.ARM.Collect$$libinit$$00000013)
    __rt_lib_init_lc_monetary_1              0x0800025b   Thumb Code     0  libinit2.o(.ARM.Collect$$libinit$$00000015)
    __rt_lib_init_lc_numeric_2               0x0800025b   Thumb Code     0  libinit2.o(.ARM.Collect$$libinit$$00000016)
    __rt_lib_init_alloca_1                   0x08000265   Thumb Code     0  libinit2.o(.ARM.Collect$$libinit$$0000002E)
    __rt_lib_init_argv_1                     0x08000265   Thumb Code     0  libinit2.o(.ARM.Collect$$libinit$$0000002C)
    __rt_lib_init_atexit_1                   0x08000265   Thumb Code     0  libinit2.o(.ARM.Collect$$libinit$$0000001B)
    __rt_lib_init_clock_1                    0x08000265   Thumb Code     0  libinit2.o(.ARM.Collect$$libinit$$00000021)
    __rt_lib_init_cpp_1                      0x08000265   Thumb Code     0  libinit2.o(.ARM.Collect$$libinit$$00000032)
    __rt_lib_init_exceptions_1               0x08000265   Thumb Code     0  libinit2.o(.ARM.Collect$$libinit$$00000030)
    __rt_lib_init_fp_trap_1                  0x08000265   Thumb Code     0  libinit2.o(.ARM.Collect$$libinit$$0000001F)
    __rt_lib_init_getenv_1                   0x08000265   Thumb Code     0  libinit2.o(.ARM.Collect$$libinit$$00000023)
    __rt_lib_init_lc_numeric_1               0x08000265   Thumb Code     0  libinit2.o(.ARM.Collect$$libinit$$00000017)
    __rt_lib_init_lc_time_1                  0x08000265   Thumb Code     0  libinit2.o(.ARM.Collect$$libinit$$00000019)
    __rt_lib_init_return                     0x08000265   Thumb Code     0  libinit2.o(.ARM.Collect$$libinit$$00000033)
    __rt_lib_init_signal_1                   0x08000265   Thumb Code     0  libinit2.o(.ARM.Collect$$libinit$$0000001D)
    __rt_lib_init_stdio_1                    0x08000265   Thumb Code     0  libinit2.o(.ARM.Collect$$libinit$$00000025)
    __rt_lib_shutdown                        0x08000267   Thumb Code     0  libshutdown.o(.ARM.Collect$$libshutdown$$00000000)
    __rt_lib_shutdown_cpp_1                  0x08000269   Thumb Code     0  libshutdown2.o(.ARM.Collect$$libshutdown$$00000002)
    __rt_lib_shutdown_fp_trap_1              0x08000269   Thumb Code     0  libshutdown2.o(.ARM.Collect$$libshutdown$$00000007)
    __rt_lib_shutdown_heap_1                 0x08000269   Thumb Code     0  libshutdown2.o(.ARM.Collect$$libshutdown$$0000000F)
    __rt_lib_shutdown_return                 0x08000269   Thumb Code     0  libshutdown2.o(.ARM.Collect$$libshutdown$$00000010)
    __rt_lib_shutdown_signal_1               0x08000269   Thumb Code     0  libshutdown2.o(.ARM.Collect$$libshutdown$$0000000A)
    __rt_lib_shutdown_stdio_1                0x08000269   Thumb Code     0  libshutdown2.o(.ARM.Collect$$libshutdown$$00000004)
    __rt_lib_shutdown_user_alloc_1           0x08000269   Thumb Code     0  libshutdown2.o(.ARM.Collect$$libshutdown$$0000000C)
    __rt_entry                               0x0800026b   Thumb Code     0  __rtentry.o(.ARM.Collect$$rtentry$$00000000)
    __rt_entry_presh_1                       0x0800026b   Thumb Code     0  __rtentry2.o(.ARM.Collect$$rtentry$$00000002)
    __rt_entry_sh                            0x0800026b   Thumb Code     0  __rtentry4.o(.ARM.Collect$$rtentry$$00000004)
    __rt_entry_li                            0x08000271   Thumb Code     0  __rtentry2.o(.ARM.Collect$$rtentry$$0000000A)
    __rt_entry_postsh_1                      0x08000271   Thumb Code     0  __rtentry2.o(.ARM.Collect$$rtentry$$00000009)
    __rt_entry_main                          0x08000275   Thumb Code     0  __rtentry2.o(.ARM.Collect$$rtentry$$0000000D)
    __rt_entry_postli_1                      0x08000275   Thumb Code     0  __rtentry2.o(.ARM.Collect$$rtentry$$0000000C)
    __rt_exit                                0x0800027d   Thumb Code     0  rtexit.o(.ARM.Collect$$rtexit$$00000000)
    __rt_exit_ls                             0x0800027f   Thumb Code     0  rtexit2.o(.ARM.Collect$$rtexit$$00000003)
    __rt_exit_prels_1                        0x0800027f   Thumb Code     0  rtexit2.o(.ARM.Collect$$rtexit$$00000002)
    __rt_exit_exit                           0x08000283   Thumb Code     0  rtexit2.o(.ARM.Collect$$rtexit$$00000004)
    Reset_Handler                            0x08000289   Thumb Code     8  startup_stm32f412rx.o(.text)
    ADC_IRQHandler                           0x080002a3   Thumb Code     0  startup_stm32f412rx.o(.text)
    CAN1_RX0_IRQHandler                      0x080002a3   Thumb Code     0  startup_stm32f412rx.o(.text)
    CAN1_RX1_IRQHandler                      0x080002a3   Thumb Code     0  startup_stm32f412rx.o(.text)
    CAN1_SCE_IRQHandler                      0x080002a3   Thumb Code     0  startup_stm32f412rx.o(.text)
    CAN1_TX_IRQHandler                       0x080002a3   Thumb Code     0  startup_stm32f412rx.o(.text)
    CAN2_RX0_IRQHandler                      0x080002a3   Thumb Code     0  startup_stm32f412rx.o(.text)
    CAN2_RX1_IRQHandler                      0x080002a3   Thumb Code     0  startup_stm32f412rx.o(.text)
    CAN2_SCE_IRQHandler                      0x080002a3   Thumb Code     0  startup_stm32f412rx.o(.text)
    CAN2_TX_IRQHandler                       0x080002a3   Thumb Code     0  startup_stm32f412rx.o(.text)
    DFSDM1_FLT0_IRQHandler                   0x080002a3   Thumb Code     0  startup_stm32f412rx.o(.text)
    DFSDM1_FLT1_IRQHandler                   0x080002a3   Thumb Code     0  startup_stm32f412rx.o(.text)
    DMA1_Stream0_IRQHandler                  0x080002a3   Thumb Code     0  startup_stm32f412rx.o(.text)
    DMA1_Stream1_IRQHandler                  0x080002a3   Thumb Code     0  startup_stm32f412rx.o(.text)
    DMA1_Stream2_IRQHandler                  0x080002a3   Thumb Code     0  startup_stm32f412rx.o(.text)
    DMA1_Stream3_IRQHandler                  0x080002a3   Thumb Code     0  startup_stm32f412rx.o(.text)
    DMA1_Stream4_IRQHandler                  0x080002a3   Thumb Code     0  startup_stm32f412rx.o(.text)
    DMA1_Stream5_IRQHandler                  0x080002a3   Thumb Code     0  startup_stm32f412rx.o(.text)
    DMA1_Stream6_IRQHandler                  0x080002a3   Thumb Code     0  startup_stm32f412rx.o(.text)
    DMA1_Stream7_IRQHandler                  0x080002a3   Thumb Code     0  startup_stm32f412rx.o(.text)
    DMA2_Stream0_IRQHandler                  0x080002a3   Thumb Code     0  startup_stm32f412rx.o(.text)
    DMA2_Stream1_IRQHandler                  0x080002a3   Thumb Code     0  startup_stm32f412rx.o(.text)
    DMA2_Stream2_IRQHandler                  0x080002a3   Thumb Code     0  startup_stm32f412rx.o(.text)
    DMA2_Stream3_IRQHandler                  0x080002a3   Thumb Code     0  startup_stm32f412rx.o(.text)
    DMA2_Stream4_IRQHandler                  0x080002a3   Thumb Code     0  startup_stm32f412rx.o(.text)
    DMA2_Stream5_IRQHandler                  0x080002a3   Thumb Code     0  startup_stm32f412rx.o(.text)
    DMA2_Stream6_IRQHandler                  0x080002a3   Thumb Code     0  startup_stm32f412rx.o(.text)
    DMA2_Stream7_IRQHandler                  0x080002a3   Thumb Code     0  startup_stm32f412rx.o(.text)
    EXTI0_IRQHandler                         0x080002a3   Thumb Code     0  startup_stm32f412rx.o(.text)
    EXTI15_10_IRQHandler                     0x080002a3   Thumb Code     0  startup_stm32f412rx.o(.text)
    EXTI1_IRQHandler                         0x080002a3   Thumb Code     0  startup_stm32f412rx.o(.text)
    EXTI2_IRQHandler                         0x080002a3   Thumb Code     0  startup_stm32f412rx.o(.text)
    EXTI3_IRQHandler                         0x080002a3   Thumb Code     0  startup_stm32f412rx.o(.text)
    EXTI4_IRQHandler                         0x080002a3   Thumb Code     0  startup_stm32f412rx.o(.text)
    EXTI9_5_IRQHandler                       0x080002a3   Thumb Code     0  startup_stm32f412rx.o(.text)
    FLASH_IRQHandler                         0x080002a3   Thumb Code     0  startup_stm32f412rx.o(.text)
    FMPI2C1_ER_IRQHandler                    0x080002a3   Thumb Code     0  startup_stm32f412rx.o(.text)
    FMPI2C1_EV_IRQHandler                    0x080002a3   Thumb Code     0  startup_stm32f412rx.o(.text)
    FPU_IRQHandler                           0x080002a3   Thumb Code     0  startup_stm32f412rx.o(.text)
    I2C1_ER_IRQHandler                       0x080002a3   Thumb Code     0  startup_stm32f412rx.o(.text)
    I2C1_EV_IRQHandler                       0x080002a3   Thumb Code     0  startup_stm32f412rx.o(.text)
    I2C2_ER_IRQHandler                       0x080002a3   Thumb Code     0  startup_stm32f412rx.o(.text)
    I2C2_EV_IRQHandler                       0x080002a3   Thumb Code     0  startup_stm32f412rx.o(.text)
    I2C3_ER_IRQHandler                       0x080002a3   Thumb Code     0  startup_stm32f412rx.o(.text)
    I2C3_EV_IRQHandler                       0x080002a3   Thumb Code     0  startup_stm32f412rx.o(.text)
    OTG_FS_IRQHandler                        0x080002a3   Thumb Code     0  startup_stm32f412rx.o(.text)
    OTG_FS_WKUP_IRQHandler                   0x080002a3   Thumb Code     0  startup_stm32f412rx.o(.text)
    PVD_IRQHandler                           0x080002a3   Thumb Code     0  startup_stm32f412rx.o(.text)
    QUADSPI_IRQHandler                       0x080002a3   Thumb Code     0  startup_stm32f412rx.o(.text)
    RCC_IRQHandler                           0x080002a3   Thumb Code     0  startup_stm32f412rx.o(.text)
    RNG_IRQHandler                           0x080002a3   Thumb Code     0  startup_stm32f412rx.o(.text)
    RTC_Alarm_IRQHandler                     0x080002a3   Thumb Code     0  startup_stm32f412rx.o(.text)
    RTC_WKUP_IRQHandler                      0x080002a3   Thumb Code     0  startup_stm32f412rx.o(.text)
    SDIO_IRQHandler                          0x080002a3   Thumb Code     0  startup_stm32f412rx.o(.text)
    SPI1_IRQHandler                          0x080002a3   Thumb Code     0  startup_stm32f412rx.o(.text)
    SPI2_IRQHandler                          0x080002a3   Thumb Code     0  startup_stm32f412rx.o(.text)
    SPI3_IRQHandler                          0x080002a3   Thumb Code     0  startup_stm32f412rx.o(.text)
    SPI4_IRQHandler                          0x080002a3   Thumb Code     0  startup_stm32f412rx.o(.text)
    SPI5_IRQHandler                          0x080002a3   Thumb Code     0  startup_stm32f412rx.o(.text)
    TAMP_STAMP_IRQHandler                    0x080002a3   Thumb Code     0  startup_stm32f412rx.o(.text)
    TIM1_BRK_TIM9_IRQHandler                 0x080002a3   Thumb Code     0  startup_stm32f412rx.o(.text)
    TIM1_CC_IRQHandler                       0x080002a3   Thumb Code     0  startup_stm32f412rx.o(.text)
    TIM1_TRG_COM_TIM11_IRQHandler            0x080002a3   Thumb Code     0  startup_stm32f412rx.o(.text)
    TIM2_IRQHandler                          0x080002a3   Thumb Code     0  startup_stm32f412rx.o(.text)
    TIM3_IRQHandler                          0x080002a3   Thumb Code     0  startup_stm32f412rx.o(.text)
    TIM5_IRQHandler                          0x080002a3   Thumb Code     0  startup_stm32f412rx.o(.text)
    TIM6_IRQHandler                          0x080002a3   Thumb Code     0  startup_stm32f412rx.o(.text)
    TIM7_IRQHandler                          0x080002a3   Thumb Code     0  startup_stm32f412rx.o(.text)
    TIM8_BRK_TIM12_IRQHandler                0x080002a3   Thumb Code     0  startup_stm32f412rx.o(.text)
    TIM8_CC_IRQHandler                       0x080002a3   Thumb Code     0  startup_stm32f412rx.o(.text)
    TIM8_TRG_COM_TIM14_IRQHandler            0x080002a3   Thumb Code     0  startup_stm32f412rx.o(.text)
    TIM8_UP_TIM13_IRQHandler                 0x080002a3   Thumb Code     0  startup_stm32f412rx.o(.text)
    USART2_IRQHandler                        0x080002a3   Thumb Code     0  startup_stm32f412rx.o(.text)
    USART3_IRQHandler                        0x080002a3   Thumb Code     0  startup_stm32f412rx.o(.text)
    USART6_IRQHandler                        0x080002a3   Thumb Code     0  startup_stm32f412rx.o(.text)
    WWDG_IRQHandler                          0x080002a3   Thumb Code     0  startup_stm32f412rx.o(.text)
    __user_initial_stackheap                 0x080002a5   Thumb Code     0  startup_stm32f412rx.o(.text)
    __aeabi_uldivmod                         0x080002c9   Thumb Code     0  lludivv7m.o(.text)
    _ll_udiv                                 0x080002c9   Thumb Code   238  lludivv7m.o(.text)
    __aeabi_ldivmod                          0x080003b7   Thumb Code     0  llsdiv.o(.text)
    _ll_sdiv                                 0x080003b7   Thumb Code    72  llsdiv.o(.text)
    __2sprintf                               0x08000401   Thumb Code    34  noretval__2sprintf.o(.text)
    __printf                                 0x08000429   Thumb Code   270  __printf_wp.o(.text)
    strlen                                   0x08000537   Thumb Code    62  strlen.o(.text)
    __aeabi_memcpy4                          0x08000575   Thumb Code     0  rt_memcpy_w.o(.text)
    __aeabi_memcpy8                          0x08000575   Thumb Code     0  rt_memcpy_w.o(.text)
    __rt_memcpy_w                            0x08000575   Thumb Code   100  rt_memcpy_w.o(.text)
    _memcpy_lastbytes_aligned                0x080005bd   Thumb Code     0  rt_memcpy_w.o(.text)
    __aeabi_memclr4                          0x080005d9   Thumb Code     0  rt_memclr_w.o(.text)
    __aeabi_memclr8                          0x080005d9   Thumb Code     0  rt_memclr_w.o(.text)
    __rt_memclr_w                            0x080005d9   Thumb Code    78  rt_memclr_w.o(.text)
    _memset_w                                0x080005dd   Thumb Code     0  rt_memclr_w.o(.text)
    __use_two_region_memory                  0x08000627   Thumb Code     2  heapauxi.o(.text)
    __rt_heap_escrow$2region                 0x08000629   Thumb Code     2  heapauxi.o(.text)
    __rt_heap_expand$2region                 0x0800062b   Thumb Code     2  heapauxi.o(.text)
    __read_errno                             0x0800062d   Thumb Code    10  _rserrno.o(.text)
    __set_errno                              0x08000637   Thumb Code    12  _rserrno.o(.text)
    __lib_sel_fp_printf                      0x08000643   Thumb Code     2  _printf_fp_dec.o(.text)
    _printf_fp_dec_real                      0x080007f5   Thumb Code   620  _printf_fp_dec.o(.text)
    _printf_char_common                      0x08000a6b   Thumb Code    32  _printf_char_common.o(.text)
    _sputc                                   0x08000a91   Thumb Code    10  _sputc.o(.text)
    __strtod_int                             0x08000ad9   Thumb Code    90  strtod.o(.text)
    __rt_locale                              0x08000b41   Thumb Code     8  rt_locale_intlibspace.o(.text)
    __aeabi_errno_addr                       0x08000b49   Thumb Code     8  rt_errno_addr_intlibspace.o(.text)
    __errno$intlibspace                      0x08000b49   Thumb Code     0  rt_errno_addr_intlibspace.o(.text)
    __rt_errno_addr$intlibspace              0x08000b49   Thumb Code     0  rt_errno_addr_intlibspace.o(.text)
    _ll_udiv10                               0x08000b51   Thumb Code   138  lludiv10.o(.text)
    isspace                                  0x08000bdb   Thumb Code    18  isspace.o(.text)
    _printf_fp_infnan                        0x08000bed   Thumb Code   112  _printf_fp_infnan.o(.text)
    _sgetc                                   0x08000c6d   Thumb Code    30  _sgetc.o(.text)
    _sbackspace                              0x08000c8b   Thumb Code    34  _sgetc.o(.text)
    _btod_etento                             0x08000cad   Thumb Code   224  bigflt0.o(.text)
    __user_libspace                          0x08000d91   Thumb Code     8  libspace.o(.text)
    __user_perproc_libspace                  0x08000d91   Thumb Code     0  libspace.o(.text)
    __user_perthread_libspace                0x08000d91   Thumb Code     0  libspace.o(.text)
    __user_setup_stackheap                   0x08000d99   Thumb Code    74  sys_stackheap_outer.o(.text)
    __rt_ctype_table                         0x08000de5   Thumb Code    16  rt_ctype_table.o(.text)
    _scanf_really_real                       0x08001041   Thumb Code   684  scanf_fp.o(.text)
    exit                                     0x080012ed   Thumb Code    18  exit.o(.text)
    strcmp                                   0x08001301   Thumb Code   128  strcmpv7m.o(.text)
    _sys_exit                                0x08001381   Thumb Code     8  sys_exit.o(.text)
    _scanf_really_hex_real                   0x0800138d   Thumb Code   786  scanf_hexfp.o(.text)
    _scanf_really_infnan                     0x080016ad   Thumb Code   292  scanf_infnan.o(.text)
    __I$use$semihosting                      0x080017e1   Thumb Code     0  use_no_semi.o(.text)
    __use_no_semihosting_swi                 0x080017e1   Thumb Code     2  use_no_semi.o(.text)
    __aeabi_llsl                             0x080017e3   Thumb Code     0  llshl.o(.text)
    __semihosting_library_function           0x080017e3   Thumb Code     0  indicate_semi.o(.text)
    _ll_shift_l                              0x080017e3   Thumb Code    38  llshl.o(.text)
    _chval                                   0x08001809   Thumb Code    28  _chval.o(.text)
    _btod_d2e                                0x08001825   Thumb Code    62  btod.o(CL$$btod_d2e)
    _d2e_denorm_low                          0x08001863   Thumb Code    70  btod.o(CL$$btod_d2e_denorm_low)
    _d2e_norm_op1                            0x080018a9   Thumb Code    96  btod.o(CL$$btod_d2e_norm_op1)
    __btod_div_common                        0x08001909   Thumb Code   696  btod.o(CL$$btod_div_common)
    _e2d                                     0x08001c41   Thumb Code   122  btod.o(CL$$btod_e2d)
    _e2e                                     0x08001cc5   Thumb Code   220  btod.o(CL$$btod_e2e)
    _btod_ediv                               0x08001da1   Thumb Code    42  btod.o(CL$$btod_ediv)
    _btod_edivd                              0x08001dcb   Thumb Code    42  btod.o(CL$$btod_edivd)
    _btod_emul                               0x08001df5   Thumb Code    42  btod.o(CL$$btod_emul)
    _btod_emuld                              0x08001e1f   Thumb Code    42  btod.o(CL$$btod_emuld)
    __btod_mult_common                       0x08001e49   Thumb Code   580  btod.o(CL$$btod_mult_common)
    ADC_Channel_config                       0x0800208d   Thumb Code    26  hotend_control.o(i.ADC_Channel_config)
    BusFault_Handler                         0x080021d5   Thumb Code     2  stm32f4xx_it.o(i.BusFault_Handler)
    DDA_LINE                                 0x080021d9   Thumb Code   322  noisuy.o(i.DDA_LINE)
    DebugMon_Handler                         0x08002325   Thumb Code     2  stm32f4xx_it.o(i.DebugMon_Handler)
    Delay_us                                 0x08002327   Thumb Code    16  noisuy.o(i.Delay_us)
    HAL_ADC_ConfigChannel                    0x08002339   Thumb Code   316  stm32f4xx_hal_adc.o(i.HAL_ADC_ConfigChannel)
    HAL_ADC_GetValue                         0x08002485   Thumb Code     6  stm32f4xx_hal_adc.o(i.HAL_ADC_GetValue)
    HAL_ADC_Init                             0x0800248b   Thumb Code    84  stm32f4xx_hal_adc.o(i.HAL_ADC_Init)
    HAL_ADC_MspInit                          0x080024e1   Thumb Code    84  stm32f4xx_hal_msp.o(i.HAL_ADC_MspInit)
    HAL_ADC_PollForConversion                0x08002541   Thumb Code   170  stm32f4xx_hal_adc.o(i.HAL_ADC_PollForConversion)
    HAL_ADC_Start                            0x080025ed   Thumb Code   188  stm32f4xx_hal_adc.o(i.HAL_ADC_Start)
    HAL_ADC_Stop                             0x080026b9   Thumb Code    60  stm32f4xx_hal_adc.o(i.HAL_ADC_Stop)
    HAL_DMA_Abort                            0x080026f5   Thumb Code   146  stm32f4xx_hal_dma.o(i.HAL_DMA_Abort)
    HAL_DMA_Abort_IT                         0x08002787   Thumb Code    36  stm32f4xx_hal_dma.o(i.HAL_DMA_Abort_IT)
    HAL_Delay                                0x080027ad   Thumb Code    32  stm32f4xx_hal.o(i.HAL_Delay)
    HAL_GPIO_Init                            0x080027d1   Thumb Code   406  stm32f4xx_hal_gpio.o(i.HAL_GPIO_Init)
    HAL_GPIO_WritePin                        0x08002985   Thumb Code    10  stm32f4xx_hal_gpio.o(i.HAL_GPIO_WritePin)
    HAL_GetTick                              0x08002991   Thumb Code     6  stm32f4xx_hal.o(i.HAL_GetTick)
    HAL_IncTick                              0x0800299d   Thumb Code    12  stm32f4xx_hal.o(i.HAL_IncTick)
    HAL_Init                                 0x080029ad   Thumb Code    48  stm32f4xx_hal.o(i.HAL_Init)
    HAL_InitTick                             0x080029e1   Thumb Code    54  stm32f4xx_hal.o(i.HAL_InitTick)
    HAL_MspInit                              0x08002a21   Thumb Code    42  stm32f4xx_hal_msp.o(i.HAL_MspInit)
    HAL_NVIC_EnableIRQ                       0x08002a51   Thumb Code    26  stm32f4xx_hal_cortex.o(i.HAL_NVIC_EnableIRQ)
    HAL_NVIC_SetPriority                     0x08002a6d   Thumb Code    60  stm32f4xx_hal_cortex.o(i.HAL_NVIC_SetPriority)
    HAL_NVIC_SetPriorityGrouping             0x08002aad   Thumb Code    26  stm32f4xx_hal_cortex.o(i.HAL_NVIC_SetPriorityGrouping)
    HAL_RCC_ClockConfig                      0x08002ad1   Thumb Code   288  stm32f4xx_hal_rcc.o(i.HAL_RCC_ClockConfig)
    HAL_RCC_GetPCLK1Freq                     0x08002c05   Thumb Code    20  stm32f4xx_hal_rcc.o(i.HAL_RCC_GetPCLK1Freq)
    HAL_RCC_GetPCLK2Freq                     0x08002c25   Thumb Code    20  stm32f4xx_hal_rcc.o(i.HAL_RCC_GetPCLK2Freq)
    HAL_RCC_GetSysClockFreq                  0x08002c45   Thumb Code    88  stm32f4xx_hal_rcc.o(i.HAL_RCC_GetSysClockFreq)
    HAL_RCC_OscConfig                        0x08002ca9   Thumb Code   874  stm32f4xx_hal_rcc_ex.o(i.HAL_RCC_OscConfig)
    HAL_SYSTICK_Config                       0x08003029   Thumb Code    40  stm32f4xx_hal_cortex.o(i.HAL_SYSTICK_Config)
    HAL_TIMEx_BreakCallback                  0x08003051   Thumb Code     2  stm32f4xx_hal_tim_ex.o(i.HAL_TIMEx_BreakCallback)
    HAL_TIMEx_CommutCallback                 0x08003053   Thumb Code     2  stm32f4xx_hal_tim_ex.o(i.HAL_TIMEx_CommutCallback)
    HAL_TIMEx_MasterConfigSynchronization    0x08003055   Thumb Code   116  stm32f4xx_hal_tim_ex.o(i.HAL_TIMEx_MasterConfigSynchronization)
    HAL_TIM_Base_Init                        0x080030e5   Thumb Code    90  stm32f4xx_hal_tim.o(i.HAL_TIM_Base_Init)
    HAL_TIM_Base_MspInit                     0x08003141   Thumb Code   134  stm32f4xx_hal_msp.o(i.HAL_TIM_Base_MspInit)
    HAL_TIM_Base_Start                       0x080031d9   Thumb Code    90  stm32f4xx_hal_tim.o(i.HAL_TIM_Base_Start)
    HAL_TIM_Base_Start_IT                    0x08003251   Thumb Code   100  stm32f4xx_hal_tim.o(i.HAL_TIM_Base_Start_IT)
    HAL_TIM_ConfigClockSource                0x080032d1   Thumb Code   220  stm32f4xx_hal_tim.o(i.HAL_TIM_ConfigClockSource)
    HAL_TIM_IC_CaptureCallback               0x080033ad   Thumb Code     2  stm32f4xx_hal_tim.o(i.HAL_TIM_IC_CaptureCallback)
    HAL_TIM_IRQHandler                       0x080033af   Thumb Code   358  stm32f4xx_hal_tim.o(i.HAL_TIM_IRQHandler)
    HAL_TIM_MspPostInit                      0x08003515   Thumb Code    68  stm32f4xx_hal_msp.o(i.HAL_TIM_MspPostInit)
    HAL_TIM_OC_DelayElapsedCallback          0x08003565   Thumb Code     2  stm32f4xx_hal_tim.o(i.HAL_TIM_OC_DelayElapsedCallback)
    HAL_TIM_PWM_ConfigChannel                0x08003567   Thumb Code   204  stm32f4xx_hal_tim.o(i.HAL_TIM_PWM_ConfigChannel)
    HAL_TIM_PWM_Init                         0x08003633   Thumb Code    90  stm32f4xx_hal_tim.o(i.HAL_TIM_PWM_Init)
    HAL_TIM_PWM_MspInit                      0x0800368d   Thumb Code     2  stm32f4xx_hal_tim.o(i.HAL_TIM_PWM_MspInit)
    HAL_TIM_PWM_PulseFinishedCallback        0x0800368f   Thumb Code     2  stm32f4xx_hal_tim.o(i.HAL_TIM_PWM_PulseFinishedCallback)
    HAL_TIM_PWM_Start                        0x08003691   Thumb Code   172  stm32f4xx_hal_tim.o(i.HAL_TIM_PWM_Start)
    HAL_TIM_PeriodElapsedCallback            0x08003759   Thumb Code     2  stm32f4xx_hal_tim.o(i.HAL_TIM_PeriodElapsedCallback)
    HAL_TIM_TriggerCallback                  0x0800375b   Thumb Code     2  stm32f4xx_hal_tim.o(i.HAL_TIM_TriggerCallback)
    HAL_UARTEx_RxEventCallback               0x0800375d   Thumb Code     2  stm32f4xx_hal_uart.o(i.HAL_UARTEx_RxEventCallback)
    HAL_UART_ErrorCallback                   0x0800375f   Thumb Code     2  stm32f4xx_hal_uart.o(i.HAL_UART_ErrorCallback)
    HAL_UART_IRQHandler                      0x08003761   Thumb Code   610  stm32f4xx_hal_uart.o(i.HAL_UART_IRQHandler)
    HAL_UART_Init                            0x080039c9   Thumb Code    98  stm32f4xx_hal_uart.o(i.HAL_UART_Init)
    HAL_UART_MspInit                         0x08003a2d   Thumb Code   110  stm32f4xx_hal_msp.o(i.HAL_UART_MspInit)
    HAL_UART_RxCpltCallback                  0x08003aa9   Thumb Code     2  stm32f4xx_hal_uart.o(i.HAL_UART_RxCpltCallback)
    HAL_UART_Transmit                        0x08003aad   Thumb Code   178  stm32f4xx_hal_uart.o(i.HAL_UART_Transmit)
    HAL_UART_TxCpltCallback                  0x08003b5f   Thumb Code     2  stm32f4xx_hal_uart.o(i.HAL_UART_TxCpltCallback)
    HardFault_Handler                        0x08003b61   Thumb Code     2  stm32f4xx_it.o(i.HardFault_Handler)
    Hotend_Temperatrure_PIDCaculating        0x08003b65   Thumb Code   232  hotend_control.o(i.Hotend_Temperatrure_PIDCaculating)
    LowPassFilter_Apply                      0x08003c5d   Thumb Code    34  hotend_control.o(i.LowPassFilter_Apply)
    LowPassFilter_Init                       0x08003c81   Thumb Code    14  hotend_control.o(i.LowPassFilter_Init)
    MOVE_Extruder                            0x08003c95   Thumb Code   166  noisuy.o(i.MOVE_Extruder)
    MOVE_Z                                   0x08003d49   Thumb Code   194  noisuy.o(i.MOVE_Z)
    MemManage_Handler                        0x080040e1   Thumb Code     2  stm32f4xx_it.o(i.MemManage_Handler)
    NMI_Handler                              0x080040e3   Thumb Code     2  stm32f4xx_it.o(i.NMI_Handler)
    PendSV_Handler                           0x080040e5   Thumb Code     2  stm32f4xx_it.o(i.PendSV_Handler)
    SVC_Handler                              0x080040e7   Thumb Code     2  stm32f4xx_it.o(i.SVC_Handler)
    SysTick_Handler                          0x080040e9   Thumb Code     4  stm32f4xx_it.o(i.SysTick_Handler)
    SystemClock_Config                       0x080040ed   Thumb Code   116  main.o(i.SystemClock_Config)
    SystemInit                               0x08004169   Thumb Code    12  system_stm32f4xx.o(i.SystemInit)
    TIM1_UP_TIM10_IRQHandler                 0x08004179   Thumb Code   544  stm32f4xx_it.o(i.TIM1_UP_TIM10_IRQHandler)
    TIM4_IRQHandler                          0x080043c5   Thumb Code   234  stm32f4xx_it.o(i.TIM4_IRQHandler)
    TIM_Base_SetConfig                       0x080044fd   Thumb Code   156  stm32f4xx_hal_tim.o(i.TIM_Base_SetConfig)
    TIM_CCxChannelCmd                        0x080045c5   Thumb Code    26  stm32f4xx_hal_tim.o(i.TIM_CCxChannelCmd)
    TIM_ETR_SetConfig                        0x080045df   Thumb Code    20  stm32f4xx_hal_tim.o(i.TIM_ETR_SetConfig)
    TIM_OC2_SetConfig                        0x08004665   Thumb Code    98  stm32f4xx_hal_tim.o(i.TIM_OC2_SetConfig)
    USART1_IRQHandler                        0x08004a71   Thumb Code    96  stm32f4xx_it.o(i.USART1_IRQHandler)
    UsageFault_Handler                       0x08004b05   Thumb Code     2  stm32f4xx_it.o(i.UsageFault_Handler)
    __ARM_fpclassify                         0x08004b07   Thumb Code    48  fpclassify.o(i.__ARM_fpclassify)
    __hardfp___mathlib_tofloat               0x08004b59   Thumb Code   232  narrow.o(i.__hardfp___mathlib_tofloat)
    __hardfp_atan                            0x08004c51   Thumb Code   622  atan.o(i.__hardfp_atan)
    __hardfp_atan2                           0x08004f29   Thumb Code   432  atan2.o(i.__hardfp_atan2)
    __hardfp_atof                            0x08005119   Thumb Code    44  atof.o(i.__hardfp_atof)
    __hardfp_ldexp                           0x08005151   Thumb Code   200  ldexp.o(i.__hardfp_ldexp)
    __hardfp_log                             0x08005221   Thumb Code   872  log.o(i.__hardfp_log)
    __hardfp_round                           0x080055e9   Thumb Code   194  round.o(i.__hardfp_round)
    __hardfp_sqrt                            0x080056c9   Thumb Code   122  sqrt.o(i.__hardfp_sqrt)
    __kernel_poly                            0x08005743   Thumb Code   248  poly.o(i.__kernel_poly)
    __mathlib_dbl_divzero                    0x08005841   Thumb Code    28  dunder.o(i.__mathlib_dbl_divzero)
    __mathlib_dbl_infnan                     0x08005871   Thumb Code    20  dunder.o(i.__mathlib_dbl_infnan)
    __mathlib_dbl_infnan2                    0x08005885   Thumb Code    20  dunder.o(i.__mathlib_dbl_infnan2)
    __mathlib_dbl_invalid                    0x08005899   Thumb Code    24  dunder.o(i.__mathlib_dbl_invalid)
    __mathlib_dbl_overflow                   0x080058b9   Thumb Code    24  dunder.o(i.__mathlib_dbl_overflow)
    __mathlib_dbl_underflow                  0x080058d9   Thumb Code    24  dunder.o(i.__mathlib_dbl_underflow)
    __mathlib_narrow                         0x080058f9   Thumb Code    18  narrow.o(i.__mathlib_narrow)
    __support_ldexp                          0x0800590b   Thumb Code    20  ldexp.o(i.__support_ldexp)
    _is_digit                                0x0800591f   Thumb Code    14  __printf_wp.o(i._is_digit)
    atan                                     0x0800592d   Thumb Code    16  atan.o(i.atan)
    drawCircleCCW                            0x0800593d   Thumb Code  4694  noisuy.o(i.drawCircleCCW)
    drawCircleCW                             0x08006b95   Thumb Code  4688  noisuy.o(i.drawCircleCW)
    drawCircleQuadrant1CCW                   0x08007de5   Thumb Code   882  noisuy.o(i.drawCircleQuadrant1CCW)
    drawCircleQuadrant1CW                    0x08008165   Thumb Code   880  noisuy.o(i.drawCircleQuadrant1CW)
    drawCircleQuadrant2CCW                   0x080084e1   Thumb Code   904  noisuy.o(i.drawCircleQuadrant2CCW)
    drawCircleQuadrant2CW                    0x08008875   Thumb Code   886  noisuy.o(i.drawCircleQuadrant2CW)
    drawCircleQuadrant3CCW                   0x08008bf9   Thumb Code   900  noisuy.o(i.drawCircleQuadrant3CCW)
    drawCircleQuadrant3CW                    0x08008f89   Thumb Code   896  noisuy.o(i.drawCircleQuadrant3CW)
    drawCircleQuadrant4CCW                   0x08009315   Thumb Code   892  noisuy.o(i.drawCircleQuadrant4CCW)
    drawCircleQuadrant4CW                    0x0800969d   Thumb Code   916  noisuy.o(i.drawCircleQuadrant4CW)
    fabs                                     0x08009a3d   Thumb Code    24  fabs.o(i.fabs)
    frexp                                    0x08009a59   Thumb Code   118  frexp.o(i.frexp)
    main                                     0x08009ae5   Thumb Code  1304  main.o(i.main)
    readGcodeLine                            0x0800a015   Thumb Code   674  gcode.o(i.readGcodeLine)
    readTempValue                            0x0800a2b9   Thumb Code   402  hotend_control.o(i.readTempValue)
    _get_lc_numeric                          0x0800a485   Thumb Code    44  lc_numeric_c.o(locale$$code)
    _get_lc_ctype                            0x0800a4b1   Thumb Code    44  lc_ctype_c.o(locale$$code)
    __aeabi_dneg                             0x0800a4dd   Thumb Code     0  basic.o(x$fpl$basic)
    _dneg                                    0x0800a4dd   Thumb Code     6  basic.o(x$fpl$basic)
    __aeabi_fneg                             0x0800a4e3   Thumb Code     0  basic.o(x$fpl$basic)
    _fneg                                    0x0800a4e3   Thumb Code     6  basic.o(x$fpl$basic)
    _dabs                                    0x0800a4e9   Thumb Code     6  basic.o(x$fpl$basic)
    _fabs                                    0x0800a4ef   Thumb Code     6  basic.o(x$fpl$basic)
    __aeabi_d2f                              0x0800a4f5   Thumb Code     0  d2f.o(x$fpl$d2f)
    _d2f                                     0x0800a4f5   Thumb Code    98  d2f.o(x$fpl$d2f)
    __aeabi_dadd                             0x0800a559   Thumb Code     0  daddsub_clz.o(x$fpl$dadd)
    _dadd                                    0x0800a559   Thumb Code   332  daddsub_clz.o(x$fpl$dadd)
    __fpl_dcheck_NaN1                        0x0800a6a9   Thumb Code    10  dcheck1.o(x$fpl$dcheck1)
    __fpl_dcmp_Inf                           0x0800a6b9   Thumb Code    24  dcmpi.o(x$fpl$dcmpinf)
    __aeabi_ddiv                             0x0800a6d1   Thumb Code     0  ddiv.o(x$fpl$ddiv)
    _ddiv                                    0x0800a6d1   Thumb Code   552  ddiv.o(x$fpl$ddiv)
    __aeabi_cdcmpeq                          0x0800a981   Thumb Code     0  deqf.o(x$fpl$deqf)
    _dcmpeq                                  0x0800a981   Thumb Code   120  deqf.o(x$fpl$deqf)
    __aeabi_i2d                              0x0800a9f9   Thumb Code     0  dflt_clz.o(x$fpl$dflt)
    _dflt                                    0x0800a9f9   Thumb Code    46  dflt_clz.o(x$fpl$dflt)
    __aeabi_cdcmple                          0x0800aa29   Thumb Code     0  dleqf.o(x$fpl$dleqf)
    _dcmple                                  0x0800aa29   Thumb Code   120  dleqf.o(x$fpl$dleqf)
    __fpl_dcmple_InfNaN                      0x0800aa8b   Thumb Code     0  dleqf.o(x$fpl$dleqf)
    __aeabi_dmul                             0x0800aaa1   Thumb Code     0  dmul.o(x$fpl$dmul)
    _dmul                                    0x0800aaa1   Thumb Code   332  dmul.o(x$fpl$dmul)
    __fpl_dnaninf                            0x0800abf5   Thumb Code   156  dnaninf.o(x$fpl$dnaninf)
    __fpl_dretinf                            0x0800ac91   Thumb Code    12  dretinf.o(x$fpl$dretinf)
    __aeabi_cdrcmple                         0x0800ac9d   Thumb Code     0  drleqf.o(x$fpl$drleqf)
    _drcmple                                 0x0800ac9d   Thumb Code   108  drleqf.o(x$fpl$drleqf)
    _drnd                                    0x0800ad09   Thumb Code   180  drnd.o(x$fpl$drnd)
    __aeabi_drsub                            0x0800adbd   Thumb Code     0  daddsub_clz.o(x$fpl$drsb)
    _drsb                                    0x0800adbd   Thumb Code    22  daddsub_clz.o(x$fpl$drsb)
    _dsqrt                                   0x0800add5   Thumb Code   404  dsqrt_umaal.o(x$fpl$dsqrt)
    __aeabi_dsub                             0x0800af6d   Thumb Code     0  daddsub_clz.o(x$fpl$dsub)
    _dsub                                    0x0800af6d   Thumb Code   464  daddsub_clz.o(x$fpl$dsub)
    __aeabi_f2d                              0x0800b141   Thumb Code     0  f2d.o(x$fpl$f2d)
    _f2d                                     0x0800b141   Thumb Code    86  f2d.o(x$fpl$f2d)
    __aeabi_ul2f                             0x0800b197   Thumb Code     0  ffltll_clz.o(x$fpl$ffltll)
    _ll_uto_f                                0x0800b197   Thumb Code     6  ffltll_clz.o(x$fpl$ffltll)
    __aeabi_l2f                              0x0800b19d   Thumb Code     0  ffltll_clz.o(x$fpl$ffltll)
    _ll_sto_f                                0x0800b19d   Thumb Code    90  ffltll_clz.o(x$fpl$ffltll)
    __fpl_fnaninf                            0x0800b1f7   Thumb Code   140  fnaninf.o(x$fpl$fnaninf)
    _fp_init                                 0x0800b283   Thumb Code    10  fpinit.o(x$fpl$fpinit)
    __fplib_config_fpu_vfp                   0x0800b28b   Thumb Code     0  fpinit.o(x$fpl$fpinit)
    __fplib_config_pureend_doubles           0x0800b28b   Thumb Code     0  fpinit.o(x$fpl$fpinit)
    __fpl_fretinf                            0x0800b28d   Thumb Code    10  fretinf.o(x$fpl$fretinf)
    __ieee_status                            0x0800b297   Thumb Code     6  istatus.o(x$fpl$ieeestatus)
    __aeabi_d2lz                             0x0800b29d   Thumb Code     0  dfixll.o(x$fpl$llsfromd)
    _ll_sfrom_d                              0x0800b29d   Thumb Code   194  dfixll.o(x$fpl$llsfromd)
    __aeabi_f2lz                             0x0800b361   Thumb Code     0  ffixll.o(x$fpl$llsfromf)
    _ll_sfrom_f                              0x0800b361   Thumb Code   134  ffixll.o(x$fpl$llsfromf)
    _printf_fp_dec                           0x0800b3e7   Thumb Code     4  printf1.o(x$fpl$printf1)
    __fpl_return_NaN                         0x0800b3eb   Thumb Code   100  retnan.o(x$fpl$retnan)
    __ARM_scalbn                             0x0800b44f   Thumb Code    92  scalbn.o(x$fpl$scalbn)
    _scanf_real                              0x0800b4ab   Thumb Code     4  scanf1.o(x$fpl$scanf1)
    _scanf_hex_real                          0x0800b4af   Thumb Code     4  scanf2.o(x$fpl$scanf2)
    _scanf_infnan                            0x0800b4b3   Thumb Code     4  scanf2.o(x$fpl$scanf2)
    __fpl_cmpreturn                          0x0800b4b7   Thumb Code    48  trapv.o(x$fpl$trapveneer)
    __I$use$fp                               0x0800b4e6   Number         0  usenofp.o(x$fpl$usenofp)
    AHBPrescTable                            0x0800b578   Data          16  system_stm32f4xx.o(.constdata)
    APBPrescTable                            0x0800b588   Data           8  system_stm32f4xx.o(.constdata)
    __mathlib_zero                           0x0800b660   Data           8  qnan.o(.constdata)
    Region$$Table$$Base                      0x0800b6fc   Number         0  anon$$obj.o(Region$$Table)
    Region$$Table$$Limit                     0x0800b71c   Number         0  anon$$obj.o(Region$$Table)
    __aeabi_HUGE_VAL                         0x0800b71c   Data           0  fpconst.o(c$$dinf)
    __aeabi_HUGE_VALL                        0x0800b71c   Data           0  fpconst.o(c$$dinf)
    __aeabi_INFINITY                         0x0800b71c   Data           0  fpconst.o(c$$dinf)
    __dInf                                   0x0800b71c   Data           0  fpconst.o(c$$dinf)
    __huge_val                               0x0800b71c   Data           0  fpconst.o(c$$dinf)
    __dbl_max                                0x0800b724   Data           0  fpconst.o(c$$dmax)
    __ctype                                  0x0800b755   Data           0  lc_ctype_c.o(locale$$data)
    TempHotend                               0x20000000   Data           4  hotend_control.o(.data)
    TempHedbed                               0x20000004   Data           4  hotend_control.o(.data)
    Kp_THotend                               0x20000008   Data           4  hotend_control.o(.data)
    Ki_THotend                               0x2000000c   Data           4  hotend_control.o(.data)
    Kd_THotend                               0x20000010   Data           4  hotend_control.o(.data)
    Kb_THotend                               0x20000014   Data           4  hotend_control.o(.data)
    Kp_THedbed                               0x20000018   Data           4  hotend_control.o(.data)
    Ki_THedbed                               0x2000001c   Data           4  hotend_control.o(.data)
    Kd_THedbed                               0x20000020   Data           4  hotend_control.o(.data)
    Kb_THedbed                               0x20000024   Data           4  hotend_control.o(.data)
    filterTempHotend                         0x20000040   Data           8  hotend_control.o(.data)
    filterTempHedbed                         0x20000048   Data           8  hotend_control.o(.data)
    setTempHotend                            0x20000050   Data           4  hotend_control.o(.data)
    setTempHedbed                            0x20000054   Data           4  hotend_control.o(.data)
    numOfPoint                               0x20000058   Data           4  noisuy.o(.data)
    setpoint1                                0x20000060   Data           8  noisuy.o(.data)
    setpoint2                                0x20000068   Data           8  noisuy.o(.data)
    setpoint3                                0x20000070   Data           8  noisuy.o(.data)
    setpoint4                                0x20000078   Data           8  noisuy.o(.data)
    current_step4                            0x20000080   Data           8  noisuy.o(.data)
    current_step1                            0x20000088   Data           8  noisuy.o(.data)
    current_step2                            0x20000090   Data           8  noisuy.o(.data)
    current_step3                            0x20000098   Data           8  noisuy.o(.data)
    BLU_E                                    0x200000a0   Data           4  noisuy.o(.data)
    BLU                                      0x200000a4   Data           4  noisuy.o(.data)
    BLU_Z                                    0x200000a8   Data           4  noisuy.o(.data)
    X                                        0x200000ac   Data           4  noisuy.o(.data)
    Y                                        0x200000b0   Data           4  noisuy.o(.data)
    Z                                        0x200000b4   Data           4  noisuy.o(.data)
    F                                        0x200000b8   Data           4  noisuy.o(.data)
    I                                        0x200000bc   Data           4  noisuy.o(.data)
    J                                        0x200000c0   Data           4  noisuy.o(.data)
    E                                        0x200000c4   Data           4  noisuy.o(.data)
    G_FLAG                                   0x200000c8   Data           1  noisuy.o(.data)
    PWM                                      0x200000d0   Data           4  stm32f4xx_it.o(.data)
    uwTickFreq                               0x200000d8   Data           1  stm32f4xx_hal.o(.data)
    uwTickPrio                               0x200000dc   Data           4  stm32f4xx_hal.o(.data)
    uwTick                                   0x200000e0   Data           4  stm32f4xx_hal.o(.data)
    SystemCoreClock                          0x200000e4   Data           4  system_stm32f4xx.o(.data)
    rxBuffer                                 0x200000e8   Data          48  gcode.o(.bss)
    hadc1                                    0x20000118   Data          72  main.o(.bss)
    htim1                                    0x20000160   Data          72  main.o(.bss)
    htim2                                    0x200001a8   Data          72  main.o(.bss)
    htim3                                    0x200001f0   Data          72  main.o(.bss)
    htim4                                    0x20000238   Data          72  main.o(.bss)
    huart1                                   0x20000280   Data          68  main.o(.bss)
    msg                                      0x200002c4   Data         128  stm32f4xx_it.o(.bss)
    __libspace_start                         0x20000344   Data          96  libspace.o(.bss)
    __temporary_stack_top$libspace           0x200003a4   Data           0  libspace.o(.bss)



==============================================================================

Memory Map of the image

  Image Entry point : 0x080001c5

  Load Region LR_IROM1 (Base: 0x08000000, Size: 0x0000b940, Max: 0x00080000, ABSOLUTE)

    Execution Region ER_IROM1 (Exec base: 0x08000000, Load base: 0x08000000, Size: 0x0000b858, Max: 0x00080000, ABSOLUTE)

    Exec Addr    Load Addr    Size         Type   Attr      Idx    E Section Name        Object

    0x08000000   0x08000000   0x000001c4   Data   RO            3    RESET               startup_stm32f412rx.o
    0x080001c4   0x080001c4   0x00000008   Code   RO         3520  * !!!main             c_w.l(__main.o)
    0x080001cc   0x080001cc   0x00000034   Code   RO         3959    !!!scatter          c_w.l(__scatter.o)
    0x08000200   0x08000200   0x0000001a   Code   RO         3961    !!handler_copy      c_w.l(__scatter_copy.o)
    0x0800021a   0x0800021a   0x00000002   PAD
    0x0800021c   0x0800021c   0x0000001c   Code   RO         3963    !!handler_zi        c_w.l(__scatter_zi.o)
    0x08000238   0x08000238   0x00000000   Code   RO         3511    .ARM.Collect$$_printf_percent$$00000000  c_w.l(_printf_percent.o)
    0x08000238   0x08000238   0x00000006   Code   RO         3510    .ARM.Collect$$_printf_percent$$00000003  c_w.l(_printf_f.o)
    0x0800023e   0x0800023e   0x00000004   Code   RO         3611    .ARM.Collect$$_printf_percent$$00000017  c_w.l(_printf_percent_end.o)
    0x08000242   0x08000242   0x00000002   Code   RO         3773    .ARM.Collect$$libinit$$00000000  c_w.l(libinit.o)
    0x08000244   0x08000244   0x00000004   Code   RO         3774    .ARM.Collect$$libinit$$00000001  c_w.l(libinit2.o)
    0x08000248   0x08000248   0x00000000   Code   RO         3777    .ARM.Collect$$libinit$$00000004  c_w.l(libinit2.o)
    0x08000248   0x08000248   0x00000000   Code   RO         3780    .ARM.Collect$$libinit$$0000000A  c_w.l(libinit2.o)
    0x08000248   0x08000248   0x00000000   Code   RO         3782    .ARM.Collect$$libinit$$0000000C  c_w.l(libinit2.o)
    0x08000248   0x08000248   0x00000000   Code   RO         3784    .ARM.Collect$$libinit$$0000000E  c_w.l(libinit2.o)
    0x08000248   0x08000248   0x00000006   Code   RO         3785    .ARM.Collect$$libinit$$0000000F  c_w.l(libinit2.o)
    0x0800024e   0x0800024e   0x00000000   Code   RO         3787    .ARM.Collect$$libinit$$00000011  c_w.l(libinit2.o)
    0x0800024e   0x0800024e   0x0000000c   Code   RO         3788    .ARM.Collect$$libinit$$00000012  c_w.l(libinit2.o)
    0x0800025a   0x0800025a   0x00000000   Code   RO         3789    .ARM.Collect$$libinit$$00000013  c_w.l(libinit2.o)
    0x0800025a   0x0800025a   0x00000000   Code   RO         3791    .ARM.Collect$$libinit$$00000015  c_w.l(libinit2.o)
    0x0800025a   0x0800025a   0x0000000a   Code   RO         3792    .ARM.Collect$$libinit$$00000016  c_w.l(libinit2.o)
    0x08000264   0x08000264   0x00000000   Code   RO         3793    .ARM.Collect$$libinit$$00000017  c_w.l(libinit2.o)
    0x08000264   0x08000264   0x00000000   Code   RO         3795    .ARM.Collect$$libinit$$00000019  c_w.l(libinit2.o)
    0x08000264   0x08000264   0x00000000   Code   RO         3797    .ARM.Collect$$libinit$$0000001B  c_w.l(libinit2.o)
    0x08000264   0x08000264   0x00000000   Code   RO         3799    .ARM.Collect$$libinit$$0000001D  c_w.l(libinit2.o)
    0x08000264   0x08000264   0x00000000   Code   RO         3801    .ARM.Collect$$libinit$$0000001F  c_w.l(libinit2.o)
    0x08000264   0x08000264   0x00000000   Code   RO         3803    .ARM.Collect$$libinit$$00000021  c_w.l(libinit2.o)
    0x08000264   0x08000264   0x00000000   Code   RO         3805    .ARM.Collect$$libinit$$00000023  c_w.l(libinit2.o)
    0x08000264   0x08000264   0x00000000   Code   RO         3807    .ARM.Collect$$libinit$$00000025  c_w.l(libinit2.o)
    0x08000264   0x08000264   0x00000000   Code   RO         3811    .ARM.Collect$$libinit$$0000002C  c_w.l(libinit2.o)
    0x08000264   0x08000264   0x00000000   Code   RO         3813    .ARM.Collect$$libinit$$0000002E  c_w.l(libinit2.o)
    0x08000264   0x08000264   0x00000000   Code   RO         3815    .ARM.Collect$$libinit$$00000030  c_w.l(libinit2.o)
    0x08000264   0x08000264   0x00000000   Code   RO         3817    .ARM.Collect$$libinit$$00000032  c_w.l(libinit2.o)
    0x08000264   0x08000264   0x00000002   Code   RO         3818    .ARM.Collect$$libinit$$00000033  c_w.l(libinit2.o)
    0x08000266   0x08000266   0x00000002   Code   RO         3900    .ARM.Collect$$libshutdown$$00000000  c_w.l(libshutdown.o)
    0x08000268   0x08000268   0x00000000   Code   RO         3934    .ARM.Collect$$libshutdown$$00000002  c_w.l(libshutdown2.o)
    0x08000268   0x08000268   0x00000000   Code   RO         3936    .ARM.Collect$$libshutdown$$00000004  c_w.l(libshutdown2.o)
    0x08000268   0x08000268   0x00000000   Code   RO         3939    .ARM.Collect$$libshutdown$$00000007  c_w.l(libshutdown2.o)
    0x08000268   0x08000268   0x00000000   Code   RO         3942    .ARM.Collect$$libshutdown$$0000000A  c_w.l(libshutdown2.o)
    0x08000268   0x08000268   0x00000000   Code   RO         3944    .ARM.Collect$$libshutdown$$0000000C  c_w.l(libshutdown2.o)
    0x08000268   0x08000268   0x00000000   Code   RO         3947    .ARM.Collect$$libshutdown$$0000000F  c_w.l(libshutdown2.o)
    0x08000268   0x08000268   0x00000002   Code   RO         3948    .ARM.Collect$$libshutdown$$00000010  c_w.l(libshutdown2.o)
    0x0800026a   0x0800026a   0x00000000   Code   RO         3598    .ARM.Collect$$rtentry$$00000000  c_w.l(__rtentry.o)
    0x0800026a   0x0800026a   0x00000000   Code   RO         3679    .ARM.Collect$$rtentry$$00000002  c_w.l(__rtentry2.o)
    0x0800026a   0x0800026a   0x00000006   Code   RO         3691    .ARM.Collect$$rtentry$$00000004  c_w.l(__rtentry4.o)
    0x08000270   0x08000270   0x00000000   Code   RO         3681    .ARM.Collect$$rtentry$$00000009  c_w.l(__rtentry2.o)
    0x08000270   0x08000270   0x00000004   Code   RO         3682    .ARM.Collect$$rtentry$$0000000A  c_w.l(__rtentry2.o)
    0x08000274   0x08000274   0x00000000   Code   RO         3684    .ARM.Collect$$rtentry$$0000000C  c_w.l(__rtentry2.o)
    0x08000274   0x08000274   0x00000008   Code   RO         3685    .ARM.Collect$$rtentry$$0000000D  c_w.l(__rtentry2.o)
    0x0800027c   0x0800027c   0x00000002   Code   RO         3819    .ARM.Collect$$rtexit$$00000000  c_w.l(rtexit.o)
    0x0800027e   0x0800027e   0x00000000   Code   RO         3855    .ARM.Collect$$rtexit$$00000002  c_w.l(rtexit2.o)
    0x0800027e   0x0800027e   0x00000004   Code   RO         3856    .ARM.Collect$$rtexit$$00000003  c_w.l(rtexit2.o)
    0x08000282   0x08000282   0x00000006   Code   RO         3857    .ARM.Collect$$rtexit$$00000004  c_w.l(rtexit2.o)
    0x08000288   0x08000288   0x00000040   Code   RO            4    .text               startup_stm32f412rx.o
    0x080002c8   0x080002c8   0x000000ee   Code   RO         3480    .text               c_w.l(lludivv7m.o)
    0x080003b6   0x080003b6   0x00000048   Code   RO         3482    .text               c_w.l(llsdiv.o)
    0x080003fe   0x080003fe   0x00000002   PAD
    0x08000400   0x08000400   0x00000028   Code   RO         3486    .text               c_w.l(noretval__2sprintf.o)
    0x08000428   0x08000428   0x0000010e   Code   RO         3498    .text               c_w.l(__printf_wp.o)
    0x08000536   0x08000536   0x0000003e   Code   RO         3512    .text               c_w.l(strlen.o)
    0x08000574   0x08000574   0x00000064   Code   RO         3514    .text               c_w.l(rt_memcpy_w.o)
    0x080005d8   0x080005d8   0x0000004e   Code   RO         3516    .text               c_w.l(rt_memclr_w.o)
    0x08000626   0x08000626   0x00000006   Code   RO         3518    .text               c_w.l(heapauxi.o)
    0x0800062c   0x0800062c   0x00000016   Code   RO         3603    .text               c_w.l(_rserrno.o)
    0x08000642   0x08000642   0x0000041e   Code   RO         3605    .text               c_w.l(_printf_fp_dec.o)
    0x08000a60   0x08000a60   0x00000030   Code   RO         3607    .text               c_w.l(_printf_char_common.o)
    0x08000a90   0x08000a90   0x0000000a   Code   RO         3609    .text               c_w.l(_sputc.o)
    0x08000a9a   0x08000a9a   0x00000002   PAD
    0x08000a9c   0x08000a9c   0x000000a4   Code   RO         3612    .text               c_w.l(strtod.o)
    0x08000b40   0x08000b40   0x00000008   Code   RO         3698    .text               c_w.l(rt_locale_intlibspace.o)
    0x08000b48   0x08000b48   0x00000008   Code   RO         3703    .text               c_w.l(rt_errno_addr_intlibspace.o)
    0x08000b50   0x08000b50   0x0000008a   Code   RO         3705    .text               c_w.l(lludiv10.o)
    0x08000bda   0x08000bda   0x00000012   Code   RO         3707    .text               c_w.l(isspace.o)
    0x08000bec   0x08000bec   0x00000080   Code   RO         3709    .text               c_w.l(_printf_fp_infnan.o)
    0x08000c6c   0x08000c6c   0x00000040   Code   RO         3713    .text               c_w.l(_sgetc.o)
    0x08000cac   0x08000cac   0x000000e4   Code   RO         3715    .text               c_w.l(bigflt0.o)
    0x08000d90   0x08000d90   0x00000008   Code   RO         3751    .text               c_w.l(libspace.o)
    0x08000d98   0x08000d98   0x0000004a   Code   RO         3754    .text               c_w.l(sys_stackheap_outer.o)
    0x08000de2   0x08000de2   0x00000002   PAD
    0x08000de4   0x08000de4   0x00000010   Code   RO         3756    .text               c_w.l(rt_ctype_table.o)
    0x08000df4   0x08000df4   0x000004f8   Code   RO         3758    .text               c_w.l(scanf_fp.o)
    0x080012ec   0x080012ec   0x00000012   Code   RO         3760    .text               c_w.l(exit.o)
    0x080012fe   0x080012fe   0x00000002   PAD
    0x08001300   0x08001300   0x00000080   Code   RO         3766    .text               c_w.l(strcmpv7m.o)
    0x08001380   0x08001380   0x0000000c   Code   RO         3852    .text               c_w.l(sys_exit.o)
    0x0800138c   0x0800138c   0x00000320   Code   RO         3861    .text               c_w.l(scanf_hexfp.o)
    0x080016ac   0x080016ac   0x00000134   Code   RO         3863    .text               c_w.l(scanf_infnan.o)
    0x080017e0   0x080017e0   0x00000002   Code   RO         3883    .text               c_w.l(use_no_semi.o)
    0x080017e2   0x080017e2   0x00000000   Code   RO         3885    .text               c_w.l(indicate_semi.o)
    0x080017e2   0x080017e2   0x00000026   Code   RO         3888    .text               c_w.l(llshl.o)
    0x08001808   0x08001808   0x0000001c   Code   RO         3890    .text               c_w.l(_chval.o)
    0x08001824   0x08001824   0x0000003e   Code   RO         3718    CL$$btod_d2e        c_w.l(btod.o)
    0x08001862   0x08001862   0x00000046   Code   RO         3720    CL$$btod_d2e_denorm_low  c_w.l(btod.o)
    0x080018a8   0x080018a8   0x00000060   Code   RO         3719    CL$$btod_d2e_norm_op1  c_w.l(btod.o)
    0x08001908   0x08001908   0x00000338   Code   RO         3728    CL$$btod_div_common  c_w.l(btod.o)
    0x08001c40   0x08001c40   0x00000084   Code   RO         3726    CL$$btod_e2d        c_w.l(btod.o)
    0x08001cc4   0x08001cc4   0x000000dc   Code   RO         3725    CL$$btod_e2e        c_w.l(btod.o)
    0x08001da0   0x08001da0   0x0000002a   Code   RO         3722    CL$$btod_ediv       c_w.l(btod.o)
    0x08001dca   0x08001dca   0x0000002a   Code   RO         3724    CL$$btod_edivd      c_w.l(btod.o)
    0x08001df4   0x08001df4   0x0000002a   Code   RO         3721    CL$$btod_emul       c_w.l(btod.o)
    0x08001e1e   0x08001e1e   0x0000002a   Code   RO         3723    CL$$btod_emuld      c_w.l(btod.o)
    0x08001e48   0x08001e48   0x00000244   Code   RO         3727    CL$$btod_mult_common  c_w.l(btod.o)
    0x0800208c   0x0800208c   0x00000020   Code   RO           48    i.ADC_Channel_config  hotend_control.o
    0x080020ac   0x080020ac   0x00000128   Code   RO          616    i.ADC_Init          stm32f4xx_hal_adc.o
    0x080021d4   0x080021d4   0x00000002   Code   RO          440    i.BusFault_Handler  stm32f4xx_it.o
    0x080021d6   0x080021d6   0x00000002   PAD
    0x080021d8   0x080021d8   0x0000014c   Code   RO          232    i.DDA_LINE          noisuy.o
    0x08002324   0x08002324   0x00000002   Code   RO          441    i.DebugMon_Handler  stm32f4xx_it.o
    0x08002326   0x08002326   0x00000010   Code   RO          233    i.Delay_us          noisuy.o
    0x08002336   0x08002336   0x00000002   PAD
    0x08002338   0x08002338   0x0000014c   Code   RO          618    i.HAL_ADC_ConfigChannel  stm32f4xx_hal_adc.o
    0x08002484   0x08002484   0x00000006   Code   RO          625    i.HAL_ADC_GetValue  stm32f4xx_hal_adc.o
    0x0800248a   0x0800248a   0x00000054   Code   RO          627    i.HAL_ADC_Init      stm32f4xx_hal_adc.o
    0x080024de   0x080024de   0x00000002   PAD
    0x080024e0   0x080024e0   0x00000060   Code   RO          539    i.HAL_ADC_MspInit   stm32f4xx_hal_msp.o
    0x08002540   0x08002540   0x000000aa   Code   RO          631    i.HAL_ADC_PollForConversion  stm32f4xx_hal_adc.o
    0x080025ea   0x080025ea   0x00000002   PAD
    0x080025ec   0x080025ec   0x000000cc   Code   RO          633    i.HAL_ADC_Start     stm32f4xx_hal_adc.o
    0x080026b8   0x080026b8   0x0000003c   Code   RO          636    i.HAL_ADC_Stop      stm32f4xx_hal_adc.o
    0x080026f4   0x080026f4   0x00000092   Code   RO         1419    i.HAL_DMA_Abort     stm32f4xx_hal_dma.o
    0x08002786   0x08002786   0x00000024   Code   RO         1420    i.HAL_DMA_Abort_IT  stm32f4xx_hal_dma.o
    0x080027aa   0x080027aa   0x00000002   PAD
    0x080027ac   0x080027ac   0x00000024   Code   RO         1862    i.HAL_Delay         stm32f4xx_hal.o
    0x080027d0   0x080027d0   0x000001b4   Code   RO         1312    i.HAL_GPIO_Init     stm32f4xx_hal_gpio.o
    0x08002984   0x08002984   0x0000000a   Code   RO         1316    i.HAL_GPIO_WritePin  stm32f4xx_hal_gpio.o
    0x0800298e   0x0800298e   0x00000002   PAD
    0x08002990   0x08002990   0x0000000c   Code   RO         1868    i.HAL_GetTick       stm32f4xx_hal.o
    0x0800299c   0x0800299c   0x00000010   Code   RO         1874    i.HAL_IncTick       stm32f4xx_hal.o
    0x080029ac   0x080029ac   0x00000034   Code   RO         1875    i.HAL_Init          stm32f4xx_hal.o
    0x080029e0   0x080029e0   0x00000040   Code   RO         1876    i.HAL_InitTick      stm32f4xx_hal.o
    0x08002a20   0x08002a20   0x00000030   Code   RO          540    i.HAL_MspInit       stm32f4xx_hal_msp.o
    0x08002a50   0x08002a50   0x0000001a   Code   RO         1725    i.HAL_NVIC_EnableIRQ  stm32f4xx_hal_cortex.o
    0x08002a6a   0x08002a6a   0x00000002   PAD
    0x08002a6c   0x08002a6c   0x00000040   Code   RO         1731    i.HAL_NVIC_SetPriority  stm32f4xx_hal_cortex.o
    0x08002aac   0x08002aac   0x00000024   Code   RO         1732    i.HAL_NVIC_SetPriorityGrouping  stm32f4xx_hal_cortex.o
    0x08002ad0   0x08002ad0   0x00000134   Code   RO          892    i.HAL_RCC_ClockConfig  stm32f4xx_hal_rcc.o
    0x08002c04   0x08002c04   0x00000020   Code   RO          899    i.HAL_RCC_GetPCLK1Freq  stm32f4xx_hal_rcc.o
    0x08002c24   0x08002c24   0x00000020   Code   RO          900    i.HAL_RCC_GetPCLK2Freq  stm32f4xx_hal_rcc.o
    0x08002c44   0x08002c44   0x00000064   Code   RO          901    i.HAL_RCC_GetSysClockFreq  stm32f4xx_hal_rcc.o
    0x08002ca8   0x08002ca8   0x00000380   Code   RO         1001    i.HAL_RCC_OscConfig  stm32f4xx_hal_rcc_ex.o
    0x08003028   0x08003028   0x00000028   Code   RO         1736    i.HAL_SYSTICK_Config  stm32f4xx_hal_cortex.o
    0x08003050   0x08003050   0x00000002   Code   RO         2819    i.HAL_TIMEx_BreakCallback  stm32f4xx_hal_tim_ex.o
    0x08003052   0x08003052   0x00000002   Code   RO         2820    i.HAL_TIMEx_CommutCallback  stm32f4xx_hal_tim_ex.o
    0x08003054   0x08003054   0x00000090   Code   RO         2838    i.HAL_TIMEx_MasterConfigSynchronization  stm32f4xx_hal_tim_ex.o
    0x080030e4   0x080030e4   0x0000005a   Code   RO         2115    i.HAL_TIM_Base_Init  stm32f4xx_hal_tim.o
    0x0800313e   0x0800313e   0x00000002   PAD
    0x08003140   0x08003140   0x00000098   Code   RO          542    i.HAL_TIM_Base_MspInit  stm32f4xx_hal_msp.o
    0x080031d8   0x080031d8   0x00000078   Code   RO         2118    i.HAL_TIM_Base_Start  stm32f4xx_hal_tim.o
    0x08003250   0x08003250   0x00000080   Code   RO         2120    i.HAL_TIM_Base_Start_IT  stm32f4xx_hal_tim.o
    0x080032d0   0x080032d0   0x000000dc   Code   RO         2124    i.HAL_TIM_ConfigClockSource  stm32f4xx_hal_tim.o
    0x080033ac   0x080033ac   0x00000002   Code   RO         2149    i.HAL_TIM_IC_CaptureCallback  stm32f4xx_hal_tim.o
    0x080033ae   0x080033ae   0x00000166   Code   RO         2163    i.HAL_TIM_IRQHandler  stm32f4xx_hal_tim.o
    0x08003514   0x08003514   0x00000050   Code   RO          543    i.HAL_TIM_MspPostInit  stm32f4xx_hal_msp.o
    0x08003564   0x08003564   0x00000002   Code   RO         2166    i.HAL_TIM_OC_DelayElapsedCallback  stm32f4xx_hal_tim.o
    0x08003566   0x08003566   0x000000cc   Code   RO         2187    i.HAL_TIM_PWM_ConfigChannel  stm32f4xx_hal_tim.o
    0x08003632   0x08003632   0x0000005a   Code   RO         2190    i.HAL_TIM_PWM_Init  stm32f4xx_hal_tim.o
    0x0800368c   0x0800368c   0x00000002   Code   RO         2192    i.HAL_TIM_PWM_MspInit  stm32f4xx_hal_tim.o
    0x0800368e   0x0800368e   0x00000002   Code   RO         2193    i.HAL_TIM_PWM_PulseFinishedCallback  stm32f4xx_hal_tim.o
    0x08003690   0x08003690   0x000000c8   Code   RO         2195    i.HAL_TIM_PWM_Start  stm32f4xx_hal_tim.o
    0x08003758   0x08003758   0x00000002   Code   RO         2201    i.HAL_TIM_PeriodElapsedCallback  stm32f4xx_hal_tim.o
    0x0800375a   0x0800375a   0x00000002   Code   RO         2206    i.HAL_TIM_TriggerCallback  stm32f4xx_hal_tim.o
    0x0800375c   0x0800375c   0x00000002   Code   RO         3097    i.HAL_UARTEx_RxEventCallback  stm32f4xx_hal_uart.o
    0x0800375e   0x0800375e   0x00000002   Code   RO         3111    i.HAL_UART_ErrorCallback  stm32f4xx_hal_uart.o
    0x08003760   0x08003760   0x00000268   Code   RO         3114    i.HAL_UART_IRQHandler  stm32f4xx_hal_uart.o
    0x080039c8   0x080039c8   0x00000062   Code   RO         3115    i.HAL_UART_Init     stm32f4xx_hal_uart.o
    0x08003a2a   0x08003a2a   0x00000002   PAD
    0x08003a2c   0x08003a2c   0x0000007c   Code   RO          545    i.HAL_UART_MspInit  stm32f4xx_hal_msp.o
    0x08003aa8   0x08003aa8   0x00000002   Code   RO         3121    i.HAL_UART_RxCpltCallback  stm32f4xx_hal_uart.o
    0x08003aaa   0x08003aaa   0x00000002   PAD
    0x08003aac   0x08003aac   0x000000b2   Code   RO         3123    i.HAL_UART_Transmit  stm32f4xx_hal_uart.o
    0x08003b5e   0x08003b5e   0x00000002   Code   RO         3126    i.HAL_UART_TxCpltCallback  stm32f4xx_hal_uart.o
    0x08003b60   0x08003b60   0x00000002   Code   RO          442    i.HardFault_Handler  stm32f4xx_it.o
    0x08003b62   0x08003b62   0x00000002   PAD
    0x08003b64   0x08003b64   0x000000f8   Code   RO           50    i.Hotend_Temperatrure_PIDCaculating  hotend_control.o
    0x08003c5c   0x08003c5c   0x00000022   Code   RO           51    i.LowPassFilter_Apply  hotend_control.o
    0x08003c7e   0x08003c7e   0x00000002   PAD
    0x08003c80   0x08003c80   0x00000014   Code   RO           52    i.LowPassFilter_Init  hotend_control.o
    0x08003c94   0x08003c94   0x000000b4   Code   RO          234    i.MOVE_Extruder     noisuy.o
    0x08003d48   0x08003d48   0x000000cc   Code   RO          235    i.MOVE_Z            noisuy.o
    0x08003e14   0x08003e14   0x00000060   Code   RO          359    i.MX_ADC1_Init      main.o
    0x08003e74   0x08003e74   0x00000090   Code   RO          360    i.MX_GPIO_Init      main.o
    0x08003f04   0x08003f04   0x00000068   Code   RO          361    i.MX_TIM1_Init      main.o
    0x08003f6c   0x08003f6c   0x00000064   Code   RO          362    i.MX_TIM2_Init      main.o
    0x08003fd0   0x08003fd0   0x000000a8   Code   RO          363    i.MX_TIM3_Init      main.o
    0x08004078   0x08004078   0x00000068   Code   RO          364    i.MX_TIM4_Init      main.o
    0x080040e0   0x080040e0   0x00000002   Code   RO          443    i.MemManage_Handler  stm32f4xx_it.o
    0x080040e2   0x080040e2   0x00000002   Code   RO          444    i.NMI_Handler       stm32f4xx_it.o
    0x080040e4   0x080040e4   0x00000002   Code   RO          445    i.PendSV_Handler    stm32f4xx_it.o
    0x080040e6   0x080040e6   0x00000002   Code   RO          446    i.SVC_Handler       stm32f4xx_it.o
    0x080040e8   0x080040e8   0x00000004   Code   RO          447    i.SysTick_Handler   stm32f4xx_it.o
    0x080040ec   0x080040ec   0x0000007c   Code   RO          365    i.SystemClock_Config  main.o
    0x08004168   0x08004168   0x00000010   Code   RO         3444    i.SystemInit        system_stm32f4xx.o
    0x08004178   0x08004178   0x0000024c   Code   RO          448    i.TIM1_UP_TIM10_IRQHandler  stm32f4xx_it.o
    0x080043c4   0x080043c4   0x00000138   Code   RO          449    i.TIM4_IRQHandler   stm32f4xx_it.o
    0x080044fc   0x080044fc   0x000000c8   Code   RO         2208    i.TIM_Base_SetConfig  stm32f4xx_hal_tim.o
    0x080045c4   0x080045c4   0x0000001a   Code   RO         2209    i.TIM_CCxChannelCmd  stm32f4xx_hal_tim.o
    0x080045de   0x080045de   0x00000014   Code   RO         2219    i.TIM_ETR_SetConfig  stm32f4xx_hal_tim.o
    0x080045f2   0x080045f2   0x00000010   Code   RO         2220    i.TIM_ITRx_SetConfig  stm32f4xx_hal_tim.o
    0x08004602   0x08004602   0x00000002   PAD
    0x08004604   0x08004604   0x00000060   Code   RO         2221    i.TIM_OC1_SetConfig  stm32f4xx_hal_tim.o
    0x08004664   0x08004664   0x0000006c   Code   RO         2222    i.TIM_OC2_SetConfig  stm32f4xx_hal_tim.o
    0x080046d0   0x080046d0   0x00000068   Code   RO         2223    i.TIM_OC3_SetConfig  stm32f4xx_hal_tim.o
    0x08004738   0x08004738   0x00000050   Code   RO         2224    i.TIM_OC4_SetConfig  stm32f4xx_hal_tim.o
    0x08004788   0x08004788   0x00000022   Code   RO         2226    i.TIM_TI1_ConfigInputStage  stm32f4xx_hal_tim.o
    0x080047aa   0x080047aa   0x00000024   Code   RO         2228    i.TIM_TI2_ConfigInputStage  stm32f4xx_hal_tim.o
    0x080047ce   0x080047ce   0x00000010   Code   RO         3128    i.UART_DMAAbortOnError  stm32f4xx_hal_uart.o
    0x080047de   0x080047de   0x0000004e   Code   RO         3138    i.UART_EndRxTransfer  stm32f4xx_hal_uart.o
    0x0800482c   0x0800482c   0x000000c0   Code   RO         3140    i.UART_Receive_IT   stm32f4xx_hal_uart.o
    0x080048ec   0x080048ec   0x0000010c   Code   RO         3141    i.UART_SetConfig    stm32f4xx_hal_uart.o
    0x080049f8   0x080049f8   0x00000078   Code   RO         3144    i.UART_WaitOnFlagUntilTimeout  stm32f4xx_hal_uart.o
    0x08004a70   0x08004a70   0x00000094   Code   RO          450    i.USART1_IRQHandler  stm32f4xx_it.o
    0x08004b04   0x08004b04   0x00000002   Code   RO          451    i.UsageFault_Handler  stm32f4xx_it.o
    0x08004b06   0x08004b06   0x00000030   Code   RO         3749    i.__ARM_fpclassify  m_wm.l(fpclassify.o)
    0x08004b36   0x08004b36   0x00000020   Code   RO         1738    i.__NVIC_SetPriority  stm32f4xx_hal_cortex.o
    0x08004b56   0x08004b56   0x00000002   PAD
    0x08004b58   0x08004b58   0x000000f8   Code   RO         3844    i.__hardfp___mathlib_tofloat  m_wm.l(narrow.o)
    0x08004c50   0x08004c50   0x000002d8   Code   RO         3641    i.__hardfp_atan     m_wm.l(atan.o)
    0x08004f28   0x08004f28   0x000001f0   Code   RO         3550    i.__hardfp_atan2    m_wm.l(atan2.o)
    0x08005118   0x08005118   0x00000038   Code   RO         3562    i.__hardfp_atof     m_wm.l(atof.o)
    0x08005150   0x08005150   0x000000d0   Code   RO         3901    i.__hardfp_ldexp    m_wm.l(ldexp.o)
    0x08005220   0x08005220   0x000003c4   Code   RO         3568    i.__hardfp_log      m_wm.l(log.o)
    0x080055e4   0x080055e4   0x00000004   PAD
    0x080055e8   0x080055e8   0x000000e0   Code   RO         3582    i.__hardfp_round    m_wm.l(round.o)
    0x080056c8   0x080056c8   0x0000007a   Code   RO         3586    i.__hardfp_sqrt     m_wm.l(sqrt.o)
    0x08005742   0x08005742   0x000000f8   Code   RO         3675    i.__kernel_poly     m_wm.l(poly.o)
    0x0800583a   0x0800583a   0x00000006   PAD
    0x08005840   0x08005840   0x00000030   Code   RO         3655    i.__mathlib_dbl_divzero  m_wm.l(dunder.o)
    0x08005870   0x08005870   0x00000014   Code   RO         3656    i.__mathlib_dbl_infnan  m_wm.l(dunder.o)
    0x08005884   0x08005884   0x00000014   Code   RO         3657    i.__mathlib_dbl_infnan2  m_wm.l(dunder.o)
    0x08005898   0x08005898   0x00000020   Code   RO         3658    i.__mathlib_dbl_invalid  m_wm.l(dunder.o)
    0x080058b8   0x080058b8   0x00000020   Code   RO         3659    i.__mathlib_dbl_overflow  m_wm.l(dunder.o)
    0x080058d8   0x080058d8   0x00000020   Code   RO         3661    i.__mathlib_dbl_underflow  m_wm.l(dunder.o)
    0x080058f8   0x080058f8   0x00000012   Code   RO         3845    i.__mathlib_narrow  m_wm.l(narrow.o)
    0x0800590a   0x0800590a   0x00000014   Code   RO         3903    i.__support_ldexp   m_wm.l(ldexp.o)
    0x0800591e   0x0800591e   0x0000000e   Code   RO         3500    i._is_digit         c_w.l(__printf_wp.o)
    0x0800592c   0x0800592c   0x00000010   Code   RO         3643    i.atan              m_wm.l(atan.o)
    0x0800593c   0x0800593c   0x00001256   Code   RO          236    i.drawCircleCCW     noisuy.o
    0x08006b92   0x08006b92   0x00000002   PAD
    0x08006b94   0x08006b94   0x00001250   Code   RO          237    i.drawCircleCW      noisuy.o
    0x08007de4   0x08007de4   0x00000380   Code   RO          238    i.drawCircleQuadrant1CCW  noisuy.o
    0x08008164   0x08008164   0x0000037c   Code   RO          239    i.drawCircleQuadrant1CW  noisuy.o
    0x080084e0   0x080084e0   0x00000394   Code   RO          240    i.drawCircleQuadrant2CCW  noisuy.o
    0x08008874   0x08008874   0x00000384   Code   RO          241    i.drawCircleQuadrant2CW  noisuy.o
    0x08008bf8   0x08008bf8   0x00000390   Code   RO          242    i.drawCircleQuadrant3CCW  noisuy.o
    0x08008f88   0x08008f88   0x0000038c   Code   RO          243    i.drawCircleQuadrant3CW  noisuy.o
    0x08009314   0x08009314   0x00000388   Code   RO          244    i.drawCircleQuadrant4CCW  noisuy.o
    0x0800969c   0x0800969c   0x000003a0   Code   RO          245    i.drawCircleQuadrant4CW  noisuy.o
    0x08009a3c   0x08009a3c   0x00000018   Code   RO         3671    i.fabs              m_wm.l(fabs.o)
    0x08009a54   0x08009a54   0x00000004   PAD
    0x08009a58   0x08009a58   0x0000008c   Code   RO         3875    i.frexp             m_wm.l(frexp.o)
    0x08009ae4   0x08009ae4   0x00000530   Code   RO          366    i.main              main.o
    0x0800a014   0x0800a014   0x000002a2   Code   RO           10    i.readGcodeLine     gcode.o
    0x0800a2b6   0x0800a2b6   0x00000002   PAD
    0x0800a2b8   0x0800a2b8   0x000001cc   Code   RO           53    i.readTempValue     hotend_control.o
    0x0800a484   0x0800a484   0x0000002c   Code   RO         3741    locale$$code        c_w.l(lc_numeric_c.o)
    0x0800a4b0   0x0800a4b0   0x0000002c   Code   RO         3824    locale$$code        c_w.l(lc_ctype_c.o)
    0x0800a4dc   0x0800a4dc   0x00000018   Code   RO         3614    x$fpl$basic         fz_wm.l(basic.o)
    0x0800a4f4   0x0800a4f4   0x00000062   Code   RO         3522    x$fpl$d2f           fz_wm.l(d2f.o)
    0x0800a556   0x0800a556   0x00000002   PAD
    0x0800a558   0x0800a558   0x00000150   Code   RO         3524    x$fpl$dadd          fz_wm.l(daddsub_clz.o)
    0x0800a6a8   0x0800a6a8   0x00000010   Code   RO         3951    x$fpl$dcheck1       fz_wm.l(dcheck1.o)
    0x0800a6b8   0x0800a6b8   0x00000018   Code   RO         3743    x$fpl$dcmpinf       fz_wm.l(dcmpi.o)
    0x0800a6d0   0x0800a6d0   0x000002b0   Code   RO         3531    x$fpl$ddiv          fz_wm.l(ddiv.o)
    0x0800a980   0x0800a980   0x00000078   Code   RO         3616    x$fpl$deqf          fz_wm.l(deqf.o)
    0x0800a9f8   0x0800a9f8   0x0000002e   Code   RO         3619    x$fpl$dflt          fz_wm.l(dflt_clz.o)
    0x0800aa26   0x0800aa26   0x00000002   PAD
    0x0800aa28   0x0800aa28   0x00000078   Code   RO         3624    x$fpl$dleqf         fz_wm.l(dleqf.o)
    0x0800aaa0   0x0800aaa0   0x00000154   Code   RO         3538    x$fpl$dmul          fz_wm.l(dmul.o)
    0x0800abf4   0x0800abf4   0x0000009c   Code   RO         3626    x$fpl$dnaninf       fz_wm.l(dnaninf.o)
    0x0800ac90   0x0800ac90   0x0000000c   Code   RO         3628    x$fpl$dretinf       fz_wm.l(dretinf.o)
    0x0800ac9c   0x0800ac9c   0x0000006c   Code   RO         3630    x$fpl$drleqf        fz_wm.l(drleqf.o)
    0x0800ad08   0x0800ad08   0x000000b4   Code   RO         3632    x$fpl$drnd          fz_wm.l(drnd.o)
    0x0800adbc   0x0800adbc   0x00000016   Code   RO         3525    x$fpl$drsb          fz_wm.l(daddsub_clz.o)
    0x0800add2   0x0800add2   0x00000002   PAD
    0x0800add4   0x0800add4   0x00000198   Code   RO         3634    x$fpl$dsqrt         fz_wm.l(dsqrt_umaal.o)
    0x0800af6c   0x0800af6c   0x000001d4   Code   RO         3526    x$fpl$dsub          fz_wm.l(daddsub_clz.o)
    0x0800b140   0x0800b140   0x00000056   Code   RO         3540    x$fpl$f2d           fz_wm.l(f2d.o)
    0x0800b196   0x0800b196   0x00000060   Code   RO         3546    x$fpl$ffltll        fz_wm.l(ffltll_clz.o)
    0x0800b1f6   0x0800b1f6   0x0000008c   Code   RO         3636    x$fpl$fnaninf       fz_wm.l(fnaninf.o)
    0x0800b282   0x0800b282   0x0000000a   Code   RO         3836    x$fpl$fpinit        fz_wm.l(fpinit.o)
    0x0800b28c   0x0800b28c   0x0000000a   Code   RO         3638    x$fpl$fretinf       fz_wm.l(fretinf.o)
    0x0800b296   0x0800b296   0x00000006   Code   RO         3745    x$fpl$ieeestatus    fz_wm.l(istatus.o)
    0x0800b29c   0x0800b29c   0x000000c2   Code   RO         3534    x$fpl$llsfromd      fz_wm.l(dfixll.o)
    0x0800b35e   0x0800b35e   0x00000002   PAD
    0x0800b360   0x0800b360   0x00000086   Code   RO         3542    x$fpl$llsfromf      fz_wm.l(ffixll.o)
    0x0800b3e6   0x0800b3e6   0x00000004   Code   RO         3548    x$fpl$printf1       fz_wm.l(printf1.o)
    0x0800b3ea   0x0800b3ea   0x00000064   Code   RO         3953    x$fpl$retnan        fz_wm.l(retnan.o)
    0x0800b44e   0x0800b44e   0x0000005c   Code   RO         3949    x$fpl$scalbn        fz_wm.l(scalbn.o)
    0x0800b4aa   0x0800b4aa   0x00000004   Code   RO         3747    x$fpl$scanf1        fz_wm.l(scanf1.o)
    0x0800b4ae   0x0800b4ae   0x00000008   Code   RO         3838    x$fpl$scanf2        fz_wm.l(scanf2.o)
    0x0800b4b6   0x0800b4b6   0x00000030   Code   RO         3955    x$fpl$trapveneer    fz_wm.l(trapv.o)
    0x0800b4e6   0x0800b4e6   0x00000000   Code   RO         3640    x$fpl$usenofp       fz_wm.l(usenofp.o)
    0x0800b4e6   0x0800b4e6   0x00000002   PAD
    0x0800b4e8   0x0800b4e8   0x00000090   Data   RO          368    .constdata          main.o
    0x0800b578   0x0800b578   0x00000010   Data   RO         3445    .constdata          system_stm32f4xx.o
    0x0800b588   0x0800b588   0x00000008   Data   RO         3446    .constdata          system_stm32f4xx.o
    0x0800b590   0x0800b590   0x00000038   Data   RO         3571    .constdata          m_wm.l(log.o)
    0x0800b5c8   0x0800b5c8   0x00000098   Data   RO         3644    .constdata          m_wm.l(atan.o)
    0x0800b660   0x0800b660   0x00000008   Data   RO         3677    .constdata          m_wm.l(qnan.o)
    0x0800b668   0x0800b668   0x00000094   Data   RO         3716    .constdata          c_w.l(bigflt0.o)
    0x0800b6fc   0x0800b6fc   0x00000020   Data   RO         3957    Region$$Table       anon$$obj.o
    0x0800b71c   0x0800b71c   0x00000008   Data   RO         3832    c$$dinf             fz_wm.l(fpconst.o)
    0x0800b724   0x0800b724   0x00000008   Data   RO         3835    c$$dmax             fz_wm.l(fpconst.o)
    0x0800b72c   0x0800b72c   0x0000001c   Data   RO         3740    locale$$data        c_w.l(lc_numeric_c.o)
    0x0800b748   0x0800b748   0x00000110   Data   RO         3823    locale$$data        c_w.l(lc_ctype_c.o)


    Execution Region RW_IRAM1 (Exec base: 0x20000000, Load base: 0x0800b858, Size: 0x000009a8, Max: 0x00040000, ABSOLUTE)

    Exec Addr    Load Addr    Size         Type   Attr      Idx    E Section Name        Object

    0x20000000   0x0800b858   0x00000004   Data   RW           59    .data               hotend_control.o
    0x20000004   0x0800b85c   0x00000004   Data   RW           60    .data               hotend_control.o
    0x20000008   0x0800b860   0x00000048   Data   RW           61    .data               hotend_control.o
    0x20000050   0x0800b8a8   0x00000004   Data   RW           62    .data               hotend_control.o
    0x20000054   0x0800b8ac   0x00000004   Data   RW           63    .data               hotend_control.o
    0x20000058   0x0800b8b0   0x00000030   Data   RW          246    .data               noisuy.o
    0x20000088   0x0800b8e0   0x00000008   Data   RW          247    .data               noisuy.o
    0x20000090   0x0800b8e8   0x00000008   Data   RW          248    .data               noisuy.o
    0x20000098   0x0800b8f0   0x00000008   Data   RW          249    .data               noisuy.o
    0x200000a0   0x0800b8f8   0x00000004   Data   RW          250    .data               noisuy.o
    0x200000a4   0x0800b8fc   0x00000004   Data   RW          251    .data               noisuy.o
    0x200000a8   0x0800b900   0x00000004   Data   RW          252    .data               noisuy.o
    0x200000ac   0x0800b904   0x00000004   Data   RW          253    .data               noisuy.o
    0x200000b0   0x0800b908   0x00000004   Data   RW          254    .data               noisuy.o
    0x200000b4   0x0800b90c   0x00000004   Data   RW          255    .data               noisuy.o
    0x200000b8   0x0800b910   0x00000004   Data   RW          256    .data               noisuy.o
    0x200000bc   0x0800b914   0x00000004   Data   RW          257    .data               noisuy.o
    0x200000c0   0x0800b918   0x00000004   Data   RW          258    .data               noisuy.o
    0x200000c4   0x0800b91c   0x00000004   Data   RW          259    .data               noisuy.o
    0x200000c8   0x0800b920   0x00000001   Data   RW          260    .data               noisuy.o
    0x200000c9   0x0800b921   0x00000003   PAD
    0x200000cc   0x0800b924   0x0000000c   Data   RW          453    .data               stm32f4xx_it.o
    0x200000d8   0x0800b930   0x0000000c   Data   RW         1882    .data               stm32f4xx_hal.o
    0x200000e4   0x0800b93c   0x00000004   Data   RW         3447    .data               system_stm32f4xx.o
    0x200000e8        -       0x00000030   Zero   RW           11    .bss                gcode.o
    0x20000118        -       0x000001ac   Zero   RW          367    .bss                main.o
    0x200002c4        -       0x00000080   Zero   RW          452    .bss                stm32f4xx_it.o
    0x20000344        -       0x00000060   Zero   RW         3752    .bss                c_w.l(libspace.o)
    0x200003a4   0x0800b940   0x00000004   PAD
    0x200003a8        -       0x00000200   Zero   RW            2    HEAP                startup_stm32f412rx.o
    0x200005a8        -       0x00000400   Zero   RW            1    STACK               startup_stm32f412rx.o


==============================================================================

Image component sizes


      Code (inc. data)   RO Data    RW Data    ZI Data      Debug   Object Name

       674          0          0          0         48       6803   gcode.o
       794         86          0         88          0     666087   hotend_control.o
      2168        212        144          0        428       6831   main.o
     17370        150          0        113          0      29960   noisuy.o
        64         26        452          0       1536        856   startup_stm32f412rx.o
       180         28          0         12          0       9377   stm32f4xx_hal.o
      1152         44          0          0          0       5997   stm32f4xx_hal_adc.o
       198         14          0          0          0      34031   stm32f4xx_hal_cortex.o
       182          0          0          0          0       2139   stm32f4xx_hal_dma.o
       446         30          0          0          0       2204   stm32f4xx_hal_gpio.o
       500         62          0          0          0       3860   stm32f4xx_hal_msp.o
       472         56          0          0          0       3764   stm32f4xx_hal_rcc.o
       896         22          0          0          0       1980   stm32f4xx_hal_rcc_ex.o
      2142        166          0          0          0      18515   stm32f4xx_hal_tim.o
       148         28          0          0          0       2513   stm32f4xx_hal_tim_ex.o
      1574         16          0          0          0      10668   stm32f4xx_hal_uart.o
      1068        174          0         12        128       7246   stm32f4xx_it.o
        16          4         24          4          0       1171   system_stm32f4xx.o

    ----------------------------------------------------------------------
     30076       1118        652        232       2140     814002   Object Totals
         0          0         32          0          0          0   (incl. Generated)
        32          0          0          3          0          0   (incl. Padding)

    ----------------------------------------------------------------------

      Code (inc. data)   RO Data    RW Data    ZI Data      Debug   Library Member Name

         8          0          0          0          0         68   __main.o
       284          0          0          0          0        156   __printf_wp.o
         0          0          0          0          0          0   __rtentry.o
        12          0          0          0          0          0   __rtentry2.o
         6          0          0          0          0          0   __rtentry4.o
        52          8          0          0          0          0   __scatter.o
        26          0          0          0          0          0   __scatter_copy.o
        28          0          0          0          0          0   __scatter_zi.o
        28          0          0          0          0         68   _chval.o
        48          6          0          0          0         96   _printf_char_common.o
         6          0          0          0          0          0   _printf_f.o
      1054          0          0          0          0        216   _printf_fp_dec.o
       128         16          0          0          0         84   _printf_fp_infnan.o
         0          0          0          0          0          0   _printf_percent.o
         4          0          0          0          0          0   _printf_percent_end.o
        22          0          0          0          0        100   _rserrno.o
        64          0          0          0          0         84   _sgetc.o
        10          0          0          0          0         68   _sputc.o
       228          4        148          0          0         96   bigflt0.o
      2152        136          0          0          0        960   btod.o
        18          0          0          0          0         80   exit.o
         6          0          0          0          0        152   heapauxi.o
         0          0          0          0          0          0   indicate_semi.o
        18          0          0          0          0         76   isspace.o
        44         10        272          0          0         76   lc_ctype_c.o
        44         10         28          0          0         76   lc_numeric_c.o
         2          0          0          0          0          0   libinit.o
        34          0          0          0          0          0   libinit2.o
         2          0          0          0          0          0   libshutdown.o
         2          0          0          0          0          0   libshutdown2.o
         8          4          0          0         96         68   libspace.o
        72          0          0          0          0         76   llsdiv.o
        38          0          0          0          0         68   llshl.o
       138          0          0          0          0         80   lludiv10.o
       238          0          0          0          0        100   lludivv7m.o
        40          6          0          0          0         84   noretval__2sprintf.o
        16          4          0          0          0         76   rt_ctype_table.o
         8          4          0          0          0         68   rt_errno_addr_intlibspace.o
         8          4          0          0          0         68   rt_locale_intlibspace.o
        78          0          0          0          0         80   rt_memclr_w.o
       100          0          0          0          0         80   rt_memcpy_w.o
         2          0          0          0          0          0   rtexit.o
        10          0          0          0          0          0   rtexit2.o
      1272         16          0          0          0        168   scanf_fp.o
       800         14          0          0          0        100   scanf_hexfp.o
       308         16          0          0          0        100   scanf_infnan.o
       128          0          0          0          0         68   strcmpv7m.o
        62          0          0          0          0         76   strlen.o
       164         14          0          0          0        120   strtod.o
        12          4          0          0          0         68   sys_exit.o
        74          0          0          0          0         80   sys_stackheap_outer.o
         2          0          0          0          0         68   use_no_semi.o
        24          0          0          0          0        164   basic.o
        98          4          0          0          0        140   d2f.o
       826         16          0          0          0        492   daddsub_clz.o
        16          4          0          0          0        116   dcheck1.o
        24          0          0          0          0        116   dcmpi.o
       688        140          0          0          0        256   ddiv.o
       120          4          0          0          0        140   deqf.o
       194          4          0          0          0        164   dfixll.o
        46          0          0          0          0        116   dflt_clz.o
       120          4          0          0          0        140   dleqf.o
       340         12          0          0          0        152   dmul.o
       156          4          0          0          0        140   dnaninf.o
        12          0          0          0          0        116   dretinf.o
       108          0          0          0          0        128   drleqf.o
       180          4          0          0          0        128   drnd.o
       408         56          0          0          0        168   dsqrt_umaal.o
        86          4          0          0          0        132   f2d.o
       134          4          0          0          0        132   ffixll.o
        96          0          0          0          0        132   ffltll_clz.o
       140          4          0          0          0        132   fnaninf.o
         0          0         16          0          0          0   fpconst.o
        10          0          0          0          0        116   fpinit.o
        10          0          0          0          0        116   fretinf.o
         6          0          0          0          0        116   istatus.o
         4          0          0          0          0        116   printf1.o
       100          0          0          0          0        116   retnan.o
        92          0          0          0          0        116   scalbn.o
         4          0          0          0          0        116   scanf1.o
         8          0          0          0          0        132   scanf2.o
        48          0          0          0          0        116   trapv.o
         0          0          0          0          0          0   usenofp.o
       744        106        152          0          0        352   atan.o
       496         64          0          0          0        192   atan2.o
        56         12          0          0          0        132   atof.o
       184         44          0          0          0        744   dunder.o
        24          0          0          0          0        124   fabs.o
        48          0          0          0          0        124   fpclassify.o
       140         22          0          0          0        132   frexp.o
       228          8          0          0          0        308   ldexp.o
       964         92         56          0          0        316   log.o
       266         16          0          0          0        308   narrow.o
       248          0          0          0          0        152   poly.o
         0          0          8          0          0          0   qnan.o
       224         30          0          0          0        172   round.o
       122          0          0          0          0        148   sqrt.o

    ----------------------------------------------------------------------
     15784        938        680          0        100      11620   Library Totals
        34          4          0          0          4          0   (incl. Padding)

    ----------------------------------------------------------------------

      Code (inc. data)   RO Data    RW Data    ZI Data      Debug   Library Name

      7908        276        448          0         96       4152   c_w.l
      4098        264         16          0          0       4264   fz_wm.l
      3744        394        216          0          0       3204   m_wm.l

    ----------------------------------------------------------------------
     15784        938        680          0        100      11620   Library Totals

    ----------------------------------------------------------------------

==============================================================================


      Code (inc. data)   RO Data    RW Data    ZI Data      Debug   

     45860       2056       1332        232       2240     808134   Grand Totals
     45860       2056       1332        232       2240     808134   ELF Image Totals
     45860       2056       1332        232          0          0   ROM Totals

==============================================================================

    Total RO  Size (Code + RO Data)                47192 (  46.09kB)
    Total RW  Size (RW Data + ZI Data)              2472 (   2.41kB)
    Total ROM Size (Code + RO Data + RW Data)      47424 (  46.31kB)

==============================================================================

