<html>
<body>
<pre>
<h1>µVision Build Log</h1>
<h2>Tool Versions:</h2>
IDE-Version: µVision V5.31.0.0
Copyright (C) 2020 ARM Ltd and ARM Germany GmbH. All rights reserved.
License Information: HUYNH TUNG, UTE, LIC=QF82M-X31GL-9UR4U-SDM9W-4CULN-YGJAJ
 
Tool Versions:
Toolchain:       MDK-ARM Plus  Version: 5.31.0.0
Toolchain Path:  C:\Keil_v5\ARM\ARMCC\Bin
C Compiler:      Armcc.exe V5.06 update 6 (build 750)
Assembler:       Armasm.exe V5.06 update 6 (build 750)
Linker/Locator:  ArmLink.exe V5.06 update 6 (build 750)
Library Manager: ArmAr.exe V5.06 update 6 (build 750)
Hex Converter:   FromElf.exe V5.06 update 6 (build 750)
CPU DLL:         SARMCM3.DLL V5.31.0.0
Dialog DLL:      DCM.DLL V1.17.3.0
Target DLL:      STLink\ST-LINKIII-KEIL_SWO.dll V3.0.7.0
Dialog DLL:      TCM.DLL V1.46.0.0
 
<h2>Project:</h2>
D:\STM32F412RET6\3D_Printer_Firmware\3D_PRINTER_V5\MDK-ARM\3D_PRINTER_V5.uvprojx
Project File Date:  02/01/2025

<h2>Output:</h2>
*** Using Compiler 'V5.06 update 6 (build 750)', folder: 'C:\Keil_v5\ARM\ARMCC\Bin'
Build target '3D_PRINTER_V5'
compiling hotend_control.c...
../Core/Inc/hotend_control.h(45): warning:  #1-D: last line of file ends without a newline
  #endif
..\Core\Src\hotend_control.c(63): warning:  #1035-D: single-precision operand implicitly converted to double-precision
  	adcValue = adcValue/16.0;
..\Core\Src\hotend_control.c(78): warning:  #1035-D: single-precision operand implicitly converted to double-precision
  	adcValue = adcValue/16.0;
..\Core\Src\hotend_control.c(105): warning:  #1035-D: single-precision operand implicitly converted to double-precision
  	ud = Kd_THotend*(err - err_p)/SAMPLE_TIME;
..\Core\Src\hotend_control.c(106): warning:  #1035-D: single-precision operand implicitly converted to double-precision
  	ui = ui_p + Ki_THotend*err*SAMPLE_TIME  + Kb_THotend*SAMPLE_TIME*u_sat;
..\Core\Src\hotend_control.c(106): warning:  #1035-D: single-precision operand implicitly converted to double-precision
  	ui = ui_p + Ki_THotend*err*SAMPLE_TIME  + Kb_THotend*SAMPLE_TIME*u_sat;
..\Core\Src\hotend_control.c(134): warning:  #1035-D: single-precision operand implicitly converted to double-precision
  	ud = Kd_THedbed*(err - err_p)/SAMPLE_TIME;
..\Core\Src\hotend_control.c(135): warning:  #1035-D: single-precision operand implicitly converted to double-precision
  	ui = ui_p + Ki_THedbed*err*SAMPLE_TIME  + Kb_THedbed*SAMPLE_TIME*u_sat;
..\Core\Src\hotend_control.c(135): warning:  #1035-D: single-precision operand implicitly converted to double-precision
  	ui = ui_p + Ki_THedbed*err*SAMPLE_TIME  + Kb_THedbed*SAMPLE_TIME*u_sat;
..\Core\Src\hotend_control.c(154): warning:  #1-D: last line of file ends without a newline
  //
..\Core\Src\hotend_control.c: 10 warnings, 0 errors
linking...
Program Size: Code=45860 RO-data=1332 RW-data=232 ZI-data=2240  
FromELF: creating hex file...
"3D_PRINTER_V5\3D_PRINTER_V5.axf" - 0 Error(s), 10 Warning(s).

<h2>Software Packages used:</h2>

Package Vendor: ARM
                https://www.keil.com/pack/ARM.CMSIS.6.1.0.pack
                ARM.CMSIS.6.1.0
                CMSIS (Common Microcontroller Software Interface Standard)
   * Component: CORE Version: 6.1.0

Package Vendor: Keil
                https://www.keil.com/pack/Keil.STM32F4xx_DFP.2.17.1.pack
                Keil.STM32F4xx_DFP.2.17.1
                STMicroelectronics STM32F4 Series Device Support, Drivers and Examples

<h2>Collection of Component include folders:</h2>
  .\RTE\_3D_PRINTER_V5
  C:\Users\ASUS\AppData\Local\Arm\Packs\ARM\CMSIS\6.1.0\CMSIS\Core\Include
  C:\Users\ASUS\AppData\Local\Arm\Packs\Keil\STM32F4xx_DFP\2.17.1\Drivers\CMSIS\Device\ST\STM32F4xx\Include

<h2>Collection of Component Files used:</h2>

   * Component: ARM::CMSIS:CORE:6.1.0
      Include file:  CMSIS\Core\Include\tz_context.h
Build Time Elapsed:  00:00:04
</pre>
</body>
</html>
